Archive member included to satisfy reference by file (symbol)

D:/arm-gnu-toolchain-14.2.rel1-mingw-w64-x86_64-arm-none-eabi/bin/../lib/gcc/arm-none-eabi/14.2.1/thumb/v7e-m+fp/hard\libc_nano.a(libc_a-exit.o)
                              D:/arm-gnu-toolchain-14.2.rel1-mingw-w64-x86_64-arm-none-eabi/bin/../lib/gcc/arm-none-eabi/14.2.1/thumb/v7e-m+fp/hard/crt0.o (exit)
D:/arm-gnu-toolchain-14.2.rel1-mingw-w64-x86_64-arm-none-eabi/bin/../lib/gcc/arm-none-eabi/14.2.1/thumb/v7e-m+fp/hard\libc_nano.a(libc_a-itoa.o)
                              build/HT04.o (__itoa)
D:/arm-gnu-toolchain-14.2.rel1-mingw-w64-x86_64-arm-none-eabi/bin/../lib/gcc/arm-none-eabi/14.2.1/thumb/v7e-m+fp/hard\libc_nano.a(libc_a-malloc.o)
                              build/bsp_pwm.o (malloc)
D:/arm-gnu-toolchain-14.2.rel1-mingw-w64-x86_64-arm-none-eabi/bin/../lib/gcc/arm-none-eabi/14.2.1/thumb/v7e-m+fp/hard\libc_nano.a(libc_a-mallocr.o)
                              D:/arm-gnu-toolchain-14.2.rel1-mingw-w64-x86_64-arm-none-eabi/bin/../lib/gcc/arm-none-eabi/14.2.1/thumb/v7e-m+fp/hard\libc_nano.a(libc_a-malloc.o) (_malloc_r)
D:/arm-gnu-toolchain-14.2.rel1-mingw-w64-x86_64-arm-none-eabi/bin/../lib/gcc/arm-none-eabi/14.2.1/thumb/v7e-m+fp/hard\libc_nano.a(libc_a-mlock.o)
                              D:/arm-gnu-toolchain-14.2.rel1-mingw-w64-x86_64-arm-none-eabi/bin/../lib/gcc/arm-none-eabi/14.2.1/thumb/v7e-m+fp/hard\libc_nano.a(libc_a-mallocr.o) (__malloc_lock)
D:/arm-gnu-toolchain-14.2.rel1-mingw-w64-x86_64-arm-none-eabi/bin/../lib/gcc/arm-none-eabi/14.2.1/thumb/v7e-m+fp/hard\libc_nano.a(libc_a-utoa.o)
                              D:/arm-gnu-toolchain-14.2.rel1-mingw-w64-x86_64-arm-none-eabi/bin/../lib/gcc/arm-none-eabi/14.2.1/thumb/v7e-m+fp/hard\libc_nano.a(libc_a-itoa.o) (__utoa)
D:/arm-gnu-toolchain-14.2.rel1-mingw-w64-x86_64-arm-none-eabi/bin/../lib/gcc/arm-none-eabi/14.2.1/thumb/v7e-m+fp/hard\libc_nano.a(libc_a-findfp.o)
                              D:/arm-gnu-toolchain-14.2.rel1-mingw-w64-x86_64-arm-none-eabi/bin/../lib/gcc/arm-none-eabi/14.2.1/thumb/v7e-m+fp/hard\libc_nano.a(libc_a-exit.o) (__stdio_exit_handler)
D:/arm-gnu-toolchain-14.2.rel1-mingw-w64-x86_64-arm-none-eabi/bin/../lib/gcc/arm-none-eabi/14.2.1/thumb/v7e-m+fp/hard\libc_nano.a(libc_a-fwalk.o)
                              D:/arm-gnu-toolchain-14.2.rel1-mingw-w64-x86_64-arm-none-eabi/bin/../lib/gcc/arm-none-eabi/14.2.1/thumb/v7e-m+fp/hard\libc_nano.a(libc_a-findfp.o) (_fwalk_sglue)
D:/arm-gnu-toolchain-14.2.rel1-mingw-w64-x86_64-arm-none-eabi/bin/../lib/gcc/arm-none-eabi/14.2.1/thumb/v7e-m+fp/hard\libc_nano.a(libc_a-sprintf.o)
                              build/bsp_log.o (sprintf)
D:/arm-gnu-toolchain-14.2.rel1-mingw-w64-x86_64-arm-none-eabi/bin/../lib/gcc/arm-none-eabi/14.2.1/thumb/v7e-m+fp/hard\libc_nano.a(libc_a-stdio.o)
                              D:/arm-gnu-toolchain-14.2.rel1-mingw-w64-x86_64-arm-none-eabi/bin/../lib/gcc/arm-none-eabi/14.2.1/thumb/v7e-m+fp/hard\libc_nano.a(libc_a-findfp.o) (__sread)
D:/arm-gnu-toolchain-14.2.rel1-mingw-w64-x86_64-arm-none-eabi/bin/../lib/gcc/arm-none-eabi/14.2.1/thumb/v7e-m+fp/hard\libc_nano.a(libc_a-vsprintf.o)
                              build/oled.o (vsprintf)
D:/arm-gnu-toolchain-14.2.rel1-mingw-w64-x86_64-arm-none-eabi/bin/../lib/gcc/arm-none-eabi/14.2.1/thumb/v7e-m+fp/hard\libc_nano.a(libc_a-memset.o)
                              D:/arm-gnu-toolchain-14.2.rel1-mingw-w64-x86_64-arm-none-eabi/bin/../lib/gcc/arm-none-eabi/14.2.1/thumb/v7e-m+fp/hard/crt0.o (memset)
D:/arm-gnu-toolchain-14.2.rel1-mingw-w64-x86_64-arm-none-eabi/bin/../lib/gcc/arm-none-eabi/14.2.1/thumb/v7e-m+fp/hard\libc_nano.a(libc_a-strcat.o)
                              build/HT04.o (strcat)
D:/arm-gnu-toolchain-14.2.rel1-mingw-w64-x86_64-arm-none-eabi/bin/../lib/gcc/arm-none-eabi/14.2.1/thumb/v7e-m+fp/hard\libc_nano.a(libc_a-strnlen.o)
                              build/message_center.o (strnlen)
D:/arm-gnu-toolchain-14.2.rel1-mingw-w64-x86_64-arm-none-eabi/bin/../lib/gcc/arm-none-eabi/14.2.1/thumb/v7e-m+fp/hard\libc_nano.a(libc_a-closer.o)
                              D:/arm-gnu-toolchain-14.2.rel1-mingw-w64-x86_64-arm-none-eabi/bin/../lib/gcc/arm-none-eabi/14.2.1/thumb/v7e-m+fp/hard\libc_nano.a(libc_a-stdio.o) (_close_r)
D:/arm-gnu-toolchain-14.2.rel1-mingw-w64-x86_64-arm-none-eabi/bin/../lib/gcc/arm-none-eabi/14.2.1/thumb/v7e-m+fp/hard\libc_nano.a(libc_a-reent.o)
                              D:/arm-gnu-toolchain-14.2.rel1-mingw-w64-x86_64-arm-none-eabi/bin/../lib/gcc/arm-none-eabi/14.2.1/thumb/v7e-m+fp/hard\libc_nano.a(libc_a-closer.o) (errno)
D:/arm-gnu-toolchain-14.2.rel1-mingw-w64-x86_64-arm-none-eabi/bin/../lib/gcc/arm-none-eabi/14.2.1/thumb/v7e-m+fp/hard\libc_nano.a(libc_a-impure.o)
                              D:/arm-gnu-toolchain-14.2.rel1-mingw-w64-x86_64-arm-none-eabi/bin/../lib/gcc/arm-none-eabi/14.2.1/thumb/v7e-m+fp/hard\libc_nano.a(libc_a-malloc.o) (_impure_ptr)
[...]
Memory Configuration

Name             Origin             Length             Attributes
RAM              0x20000000         0x00020000         xrw
CCMRAM           0x10000000         0x00010000         xrw
FLASH            0x08000000         0x00100000         xr
*default*        0x00000000         0xffffffff

Linker script and memory map

LOAD D:/arm-gnu-toolchain-14.2.rel1-mingw-w64-x86_64-arm-none-eabi/bin/../lib/gcc/arm-none-eabi/14.2.1/thumb/v7e-m+fp/hard/crti.o
LOAD D:/arm-gnu-toolchain-14.2.rel1-mingw-w64-x86_64-arm-none-eabi/bin/../lib/gcc/arm-none-eabi/14.2.1/thumb/v7e-m+fp/hard/crtbegin.o
LOAD D:/arm-gnu-toolchain-14.2.rel1-mingw-w64-x86_64-arm-none-eabi/bin/../lib/gcc/arm-none-eabi/14.2.1/thumb/v7e-m+fp/hard/crt0.o
LOAD build/main.o
LOAD build/gpio.o
LOAD build/freertos.o
LOAD build/adc.o
LOAD build/can.o
LOAD build/crc.o
LOAD build/dac.o
LOAD build/dma.o
LOAD build/i2c.o
LOAD build/rng.o
LOAD build/rtc.o
LOAD build/spi.o
LOAD build/tim.o
LOAD build/usart.o
LOAD build/usb_device.o
LOAD build/usbd_conf.o
LOAD build/usbd_desc.o
LOAD build/usbd_cdc_if.o
LOAD build/stm32f4xx_it.o
LOAD build/stm32f4xx_hal_msp.o
LOAD build/stm32f4xx_hal_timebase_tim.o
LOAD build/stm32f4xx_hal_pcd.o
LOAD build/stm32f4xx_hal_pcd_ex.o
LOAD build/stm32f4xx_ll_usb.o
LOAD build/stm32f4xx_hal_rcc.o
LOAD build/stm32f4xx_hal_rcc_ex.o
LOAD build/stm32f4xx_hal_flash.o
LOAD build/stm32f4xx_hal_flash_ex.o
LOAD build/stm32f4xx_hal_flash_ramfunc.o
LOAD build/stm32f4xx_hal_gpio.o
LOAD build/stm32f4xx_hal_dma_ex.o
LOAD build/stm32f4xx_hal_dma.o
LOAD build/stm32f4xx_hal_pwr.o
LOAD build/stm32f4xx_hal_pwr_ex.o
LOAD build/stm32f4xx_hal_cortex.o
LOAD build/stm32f4xx_hal.o
LOAD build/stm32f4xx_hal_exti.o
LOAD build/stm32f4xx_hal_adc.o
LOAD build/stm32f4xx_hal_adc_ex.o
LOAD build/stm32f4xx_ll_adc.o
LOAD build/stm32f4xx_hal_can.o
LOAD build/stm32f4xx_hal_crc.o
LOAD build/stm32f4xx_hal_dac.o
LOAD build/stm32f4xx_hal_dac_ex.o
LOAD build/stm32f4xx_hal_i2c.o
LOAD build/stm32f4xx_hal_i2c_ex.o
LOAD build/stm32f4xx_hal_rng.o
LOAD build/stm32f4xx_hal_rtc.o
LOAD build/stm32f4xx_hal_rtc_ex.o
LOAD build/stm32f4xx_hal_spi.o
LOAD build/stm32f4xx_hal_tim.o
LOAD build/stm32f4xx_hal_tim_ex.o
LOAD build/stm32f4xx_hal_uart.o
LOAD build/system_stm32f4xx.o
LOAD build/croutine.o
LOAD build/event_groups.o
LOAD build/list.o
LOAD build/queue.o
LOAD build/stream_buffer.o
LOAD build/tasks.o
LOAD build/timers.o
LOAD build/cmsis_os.o
LOAD build/heap_4.o
LOAD build/port.o
LOAD build/usbd_core.o
LOAD build/usbd_ctlreq.o
LOAD build/usbd_ioreq.o
LOAD build/usbd_cdc.o
LOAD build/SEGGER_RTT_printf.o
LOAD build/SEGGER_RTT.o
LOAD build/bsp_dwt.o
LOAD build/bsp_pwm.o
LOAD build/bsp_gpio.o
LOAD build/bsp_spi.o
LOAD build/bsp_iic.o
LOAD build/bsp_can.o
LOAD build/bsp_usart.o
LOAD build/bsp_usb.o
LOAD build/bsp_log.o
LOAD build/bsp_flash.o
LOAD build/bsp_tools.o
LOAD build/controller.o
LOAD build/kalman_filter.o
LOAD build/QuaternionEKF.o
LOAD build/crc8.o
LOAD build/crc16.o
LOAD build/user_lib.o
LOAD build/HC05.o
LOAD build/bmi088.o
LOAD build/BMI088driver.o
LOAD build/BMI088Middleware.o
LOAD build/ins_task.o
LOAD build/ist8310.o
LOAD build/master_process.o
LOAD build/seasky_protocol.o
LOAD build/dji_motor.o
LOAD build/HT04.o
LOAD build/LK9025.o
LOAD build/dmmotor.o
LOAD build/step_motor.o
LOAD build/servo_motor.o
LOAD build/motor_task.o
LOAD build/power_control.o
LOAD build/oled.o
LOAD build/crc_ref.o
LOAD build/rm_referee.o
LOAD build/referee_UI.o
LOAD build/referee_task.o
LOAD build/remote_control.o
LOAD build/super_cap.o
LOAD build/can_comm.o
LOAD build/message_center.o
LOAD build/daemon.o
LOAD build/buzzer.o
LOAD build/gimbal.o
LOAD build/chassis.o
LOAD build/shoot.o
LOAD build/robot_cmd.o
LOAD build/robot.o
LOAD build/startup_stm32f407xx.o
LOAD build/SEGGER_RTT_ASM_ARMv7M.o
LOAD D:/arm-gnu-toolchain-14.2.rel1-mingw-w64-x86_64-arm-none-eabi/bin/../lib/gcc/arm-none-eabi/14.2.1/thumb/v7e-m+fp/hard\libc_nano.a
LOAD D:/arm-gnu-toolchain-14.2.rel1-mingw-w64-x86_64-arm-none-eabi/bin/../lib/gcc/arm-none-eabi/14.2.1/thumb/v7e-m+fp/hard\libm.a
LOAD D:/arm-gnu-toolchain-14.2.rel1-mingw-w64-x86_64-arm-none-eabi/bin/../lib/gcc/arm-none-eabi/14.2.1/thumb/v7e-m+fp/hard\libnosys.a
LOAD Middlewares/ST/ARM/DSP/Lib/libCMSISDSP.a
START GROUP
LOAD D:/arm-gnu-toolchain-14.2.rel1-mingw-w64-x86_64-arm-none-eabi/bin/../lib/gcc/arm-none-eabi/14.2.1/thumb/v7e-m+fp/hard\libgcc.a
LOAD D:/arm-gnu-toolchain-14.2.rel1-mingw-w64-x86_64-arm-none-eabi/bin/../lib/gcc/arm-none-eabi/14.2.1/thumb/v7e-m+fp/hard\libc_nano.a
END GROUP
START GROUP
LOAD D:/arm-gnu-toolchain-14.2.rel1-mingw-w64-x86_64-arm-none-eabi/bin/../lib/gcc/arm-none-eabi/14.2.1/thumb/v7e-m+fp/hard\libgcc.a
LOAD D:/arm-gnu-toolchain-14.2.rel1-mingw-w64-x86_64-arm-none-eabi/bin/../lib/gcc/arm-none-eabi/14.2.1/thumb/v7e-m+fp/hard\libc_nano.a
END GROUP
LOAD D:/arm-gnu-toolchain-14.2.rel1-mingw-w64-x86_64-arm-none-eabi/bin/../lib/gcc/arm-none-eabi/14.2.1/thumb/v7e-m+fp/hard/crtend.o
LOAD D:/arm-gnu-toolchain-14.2.rel1-mingw-w64-x86_64-arm-none-eabi/bin/../lib/gcc/arm-none-eabi/14.2.1/thumb/v7e-m+fp/hard/crtn.o
                0x20020000                        _estack = (ORIGIN (RAM) + LENGTH (RAM))
                0x00005000                        _Min_Heap_Size = 0x5000
                0x00005000                        _Min_Stack_Size = 0x5000

.isr_vector     0x08000000      0x188
                0x08000000                        . = ALIGN (0x4)
 *(.isr_vector)
 .isr_vector    0x08000000      0x188 build/startup_stm32f407xx.o
                0x08000000                g_pfnVectors
                0x08000188                        . = ALIGN (0x4)

.text           0x08000190    0x145a0
                0x08000190                        . = ALIGN (0x4)
 *(.text)
 .text          0x08000190       0x14 D:/arm-gnu-toolchain-14.2.rel1-mingw-w64-x86_64-arm-none-eabi/bin/../lib/gcc/arm-none-eabi/14.2.1/thumb/v7e-m+fp/hard\libc_nano.a(libc_a-strcmp.o)
                0x08000190                strcmp
 .text          0x080001a4       0x10 D:/arm-gnu-toolchain-14.2.rel1-mingw-w64-x86_64-arm-none-eabi/bin/../lib/gcc/arm-none-eabi/14.2.1/thumb/v7e-m+fp/hard\libc_nano.a(libc_a-strlen.o)
                0x080001a4                strlen
 *fill*         0x080001b4        0xc 
 .text          0x080001c0       0xa0 D:/arm-gnu-toolchain-14.2.rel1-mingw-w64-x86_64-arm-none-eabi/bin/../lib/gcc/arm-none-eabi/14.2.1/thumb/v7e-m+fp/hard\libc_nano.a(libc_a-memchr.o)
                0x080001c0                memchr
 .text          0x08000260      0x378 D:/arm-gnu-toolchain-14.2.rel1-mingw-w64-x86_64-arm-none-eabi/bin/../lib/gcc/arm-none-eabi/14.2.1/thumb/v7e-m+fp/hard\libgcc.a(_arm_addsubdf3.o)
                0x08000260                __aeabi_drsub
                0x08000268                __aeabi_dsub
                0x08000268                __subdf3
                0x0800026c                __aeabi_dadd
                0x0800026c                __adddf3
                0x080004e4                __floatunsidf
                0x080004e4                __aeabi_ui2d
                0x08000504                __floatsidf
                0x08000504                __aeabi_i2d
                0x08000528                __aeabi_f2d
                0x08000528                __extendsfdf2
                0x0800056c                __floatundidf
                0x0800056c                __aeabi_ul2d
                0x0800057c                __floatdidf
                0x0800057c                __aeabi_l2d
 .text          0x080005d8      0x424 D:/arm-gnu-toolchain-14.2.rel1-mingw-w64-x86_64-arm-none-eabi/bin/../lib/gcc/arm-none-eabi/14.2.1/thumb/v7e-m+fp/hard\libgcc.a(_arm_muldivdf3.o)
                0x080005d8                __aeabi_dmul
                0x080005d8                __muldf3
                0x0800082c                __divdf3
                0x0800082c                __aeabi_ddiv
 .text          0x080009fc      0x110 D:/arm-gnu-toolchain-14.2.rel1-mingw-w64-x86_64-arm-none-eabi/bin/../lib/gcc/arm-none-eabi/14.2.1/thumb/v7e-m+fp/hard\libgcc.a(_arm_cmpdf2.o)
                0x080009fc                __gtdf2
                0x080009fc                __gedf2
                0x08000a04                __ltdf2
                0x08000a04                __ledf2
                0x08000a0c                __nedf2
                0x08000a0c                __eqdf2
                0x08000a0c                __cmpdf2
                0x08000a88                __aeabi_cdrcmple
                0x08000a98                __aeabi_cdcmpeq
                0x08000a98                __aeabi_cdcmple
                0x08000aa8                __aeabi_dcmpeq
                0x08000abc                __aeabi_dcmplt
                0x08000ad0                __aeabi_dcmple
                0x08000ae4                __aeabi_dcmpge
                0x08000af8                __aeabi_dcmpgt
 .text          0x08000b0c       0x2c D:/arm-gnu-toolchain-14.2.rel1-mingw-w64-x86_64-arm-none-eabi/bin/../lib/gcc/arm-none-eabi/14.2.1/thumb/v7e-m+fp/hard\libgcc.a(_arm_unorddf2.o)
                0x08000b0c                __unorddf2
                0x08000b0c                __aeabi_dcmpun
 .text          0x08000b38       0xa0 D:/arm-gnu-toolchain-14.2.rel1-mingw-w64-x86_64-arm-none-eabi/bin/../lib/gcc/arm-none-eabi/14.2.1/thumb/v7e-m+fp/hard\libgcc.a(_arm_truncdfsf2.o)
                0x08000b38                __truncdfsf2
                0x08000b38                __aeabi_d2f
 .text          0x08000bd8       0x30 D:/arm-gnu-toolchain-14.2.rel1-mingw-w64-x86_64-arm-none-eabi/bin/../lib/gcc/arm-none-eabi/14.2.1/thumb/v7e-m+fp/hard\libgcc.a(_aeabi_uldivmod.o)
                0x08000bd8                __aeabi_uldivmod
 .text          0x08000c08        0x4 D:/arm-gnu-toolchain-14.2.rel1-mingw-w64-x86_64-arm-none-eabi/bin/../lib/gcc/arm-none-eabi/14.2.1/thumb/v7e-m+fp/hard\libgcc.a(_dvmd_tls.o)
                0x08000c08                __aeabi_idiv0
                0x08000c08                __aeabi_ldiv0
 *(.text*)
 .text.deregister_tm_clones
                0x08000c0c       0x1c D:/arm-gnu-toolchain-14.2.rel1-mingw-w64-x86_64-arm-none-eabi/bin/../lib/gcc/arm-none-eabi/14.2.1/thumb/v7e-m+fp/hard/crtbegin.o
 .text.register_tm_clones
                0x08000c28       0x24 D:/arm-gnu-toolchain-14.2.rel1-mingw-w64-x86_64-arm-none-eabi/bin/../lib/gcc/arm-none-eabi/14.2.1/thumb/v7e-m+fp/hard/crtbegin.o
 .text.__do_global_dtors_aux
                0x08000c4c       0x28 D:/arm-gnu-toolchain-14.2.rel1-mingw-w64-x86_64-arm-none-eabi/bin/../lib/gcc/arm-none-eabi/14.2.1/thumb/v7e-m+fp/hard/crtbegin.o
 .text.frame_dummy
                0x08000c74       0x24 D:/arm-gnu-toolchain-14.2.rel1-mingw-w64-x86_64-arm-none-eabi/bin/../lib/gcc/arm-none-eabi/14.2.1/thumb/v7e-m+fp/hard/crtbegin.o
 .text.HAL_TIM_PeriodElapsedCallback
                0x08000c98       0x18 build/main.o
                0x08000c98                HAL_TIM_PeriodElapsedCallback
 .text.Error_Handler
                0x08000cb0        0x4 build/main.o
                0x08000cb0                Error_Handler
 .text.SystemClock_Config
                0x08000cb4       0xa8 build/main.o
                0x08000cb4                SystemClock_Config
 .text.main     0x08000d5c       0x6c build/main.o
                0x08000d5c                main
 .text.MX_GPIO_Init
                0x08000dc8      0x1b0 build/gpio.o
                0x08000dc8                MX_GPIO_Init
 .text.StartDefaultTask
                0x08000f78        0xe build/freertos.o
                0x08000f78                StartDefaultTask
 *fill*         0x08000f86        0x2 
 .text.vApplicationGetIdleTaskMemory
                0x08000f88       0x18 build/freertos.o
                0x08000f88                vApplicationGetIdleTaskMemory
 .text.MX_FREERTOS_Init
                0x08000fa0       0x30 build/freertos.o
                0x08000fa0                MX_FREERTOS_Init
 .text.MX_ADC1_Init
                0x08000fd0       0x70 build/adc.o
                0x08000fd0                MX_ADC1_Init
 .text.HAL_ADC_MspInit
                0x08001040       0x30 build/adc.o
                0x08001040                HAL_ADC_MspInit
 .text.MX_CAN1_Init
                0x08001070       0x44 build/can.o
                0x08001070                MX_CAN1_Init
 .text.MX_CAN2_Init
                0x080010b4       0x44 build/can.o
                0x080010b4                MX_CAN2_Init
 .text.HAL_CAN_MspInit
                0x080010f8      0x140 build/can.o
                0x080010f8                HAL_CAN_MspInit
 .text.MX_CRC_Init
                0x08001238       0x20 build/crc.o
                0x08001238                MX_CRC_Init
 .text.HAL_CRC_MspInit
                0x08001258       0x30 build/crc.o
                0x08001258                HAL_CRC_MspInit
 .text.MX_DAC_Init
                0x08001288       0x44 build/dac.o
                0x08001288                MX_DAC_Init
 .text.HAL_DAC_MspInit
                0x080012cc       0x68 build/dac.o
                0x080012cc                HAL_DAC_MspInit
 .text.MX_DMA_Init
                0x08001334       0xc8 build/dma.o
                0x08001334                MX_DMA_Init
 .text.MX_I2C2_Init
                0x080013fc       0x3c build/i2c.o
                0x080013fc                MX_I2C2_Init
 .text.MX_I2C3_Init
                0x08001438       0x3c build/i2c.o
                0x08001438                MX_I2C3_Init
 .text.HAL_I2C_MspInit
                0x08001474      0x1bc build/i2c.o
                0x08001474                HAL_I2C_MspInit
 .text.MX_RNG_Init
                0x08001630       0x20 build/rng.o
                0x08001630                MX_RNG_Init
 .text.HAL_RNG_MspInit
                0x08001650       0x30 build/rng.o
                0x08001650                HAL_RNG_MspInit
 .text.MX_RTC_Init
                0x08001680       0x34 build/rtc.o
                0x08001680                MX_RTC_Init
 .text.HAL_RTC_MspInit
                0x080016b4       0x48 build/rtc.o
                0x080016b4                HAL_RTC_MspInit
 .text.MX_SPI1_Init
                0x080016fc       0x48 build/spi.o
                0x080016fc                MX_SPI1_Init
 .text.MX_SPI2_Init
                0x08001744       0x48 build/spi.o
                0x08001744                MX_SPI2_Init
 .text.HAL_SPI_MspInit
                0x0800178c      0x1b4 build/spi.o
                0x0800178c                HAL_SPI_MspInit
 .text.HAL_TIM_Base_MspInit
                0x08001940       0xd0 build/tim.o
                0x08001940                HAL_TIM_Base_MspInit
 .text.HAL_TIM_MspPostInit
                0x08001a10      0x18c build/tim.o
                0x08001a10                HAL_TIM_MspPostInit
 .text.MX_TIM1_Init
                0x08001b9c      0x120 build/tim.o
                0x08001b9c                MX_TIM1_Init
 .text.MX_TIM4_Init
                0x08001cbc       0xb0 build/tim.o
                0x08001cbc                MX_TIM4_Init
 .text.MX_TIM5_Init
                0x08001d6c       0xd4 build/tim.o
                0x08001d6c                MX_TIM5_Init
 .text.MX_TIM8_Init
                0x08001e40      0x10c build/tim.o
                0x08001e40                MX_TIM8_Init
 .text.MX_TIM10_Init
                0x08001f4c       0x74 build/tim.o
                0x08001f4c                MX_TIM10_Init
 .text.MX_USART1_UART_Init
                0x08001fc0       0x34 build/usart.o
                0x08001fc0                MX_USART1_UART_Init
 .text.MX_USART3_UART_Init
                0x08001ff4       0x40 build/usart.o
                0x08001ff4                MX_USART3_UART_Init
 .text.MX_USART6_UART_Init
                0x08002034       0x34 build/usart.o
                0x08002034                MX_USART6_UART_Init
 .text.HAL_UART_MspInit
                0x08002068      0x2dc build/usart.o
                0x08002068                HAL_UART_MspInit
 .text.MX_USB_DEVICE_Init
                0x08002344       0x54 build/usb_device.o
                0x08002344                MX_USB_DEVICE_Init
 .text.HAL_PCD_MspInit
                0x08002398       0xc0 build/usbd_conf.o
                0x08002398                HAL_PCD_MspInit
 .text.HAL_PCD_SetupStageCallback
                0x08002458       0x10 build/usbd_conf.o
                0x08002458                HAL_PCD_SetupStageCallback
 .text.HAL_PCD_DataOutStageCallback
                0x08002468       0x18 build/usbd_conf.o
                0x08002468                HAL_PCD_DataOutStageCallback
 .text.HAL_PCD_DataInStageCallback
                0x08002480       0x16 build/usbd_conf.o
                0x08002480                HAL_PCD_DataInStageCallback
 .text.HAL_PCD_SOFCallback
                0x08002496        0xc build/usbd_conf.o
                0x08002496                HAL_PCD_SOFCallback
 .text.HAL_PCD_ResetCallback
                0x080024a2       0x2c build/usbd_conf.o
                0x080024a2                HAL_PCD_ResetCallback
 *fill*         0x080024ce        0x2 
 .text.HAL_PCD_SuspendCallback
                0x080024d0       0x30 build/usbd_conf.o
                0x080024d0                HAL_PCD_SuspendCallback
 .text.HAL_PCD_ResumeCallback
                0x08002500        0xc build/usbd_conf.o
                0x08002500                HAL_PCD_ResumeCallback
 .text.HAL_PCD_ISOOUTIncompleteCallback
                0x0800250c        0xc build/usbd_conf.o
                0x0800250c                HAL_PCD_ISOOUTIncompleteCallback
 .text.HAL_PCD_ISOINIncompleteCallback
                0x08002518        0xc build/usbd_conf.o
                0x08002518                HAL_PCD_ISOINIncompleteCallback
 .text.HAL_PCD_ConnectCallback
                0x08002524        0xc build/usbd_conf.o
                0x08002524                HAL_PCD_ConnectCallback
 .text.HAL_PCD_DisconnectCallback
                0x08002530        0xc build/usbd_conf.o
                0x08002530                HAL_PCD_DisconnectCallback
 .text.USBD_LL_Init
                0x0800253c       0x68 build/usbd_conf.o
                0x0800253c                USBD_LL_Init
 .text.USBD_LL_IsStallEP
                0x080025a4       0x2e build/usbd_conf.o
                0x080025a4                USBD_LL_IsStallEP
 .text.USBD_LL_GetRxDataSize
                0x080025d2        0xc build/usbd_conf.o
                0x080025d2                USBD_LL_GetRxDataSize
 *fill*         0x080025de        0x2 
 .text.USBD_static_malloc
                0x080025e0        0x8 build/usbd_conf.o
                0x080025e0                USBD_static_malloc
 .text.USBD_static_free
                0x080025e8        0x2 build/usbd_conf.o
                0x080025e8                USBD_static_free
 .text.USBD_Get_USB_Status
                0x080025ea       0x14 build/usbd_conf.o
                0x080025ea                USBD_Get_USB_Status
 .text.USBD_LL_Start
                0x080025fe       0x10 build/usbd_conf.o
                0x080025fe                USBD_LL_Start
 .text.USBD_LL_OpenEP
                0x0800260e       0x16 build/usbd_conf.o
                0x0800260e                USBD_LL_OpenEP
 .text.USBD_LL_CloseEP
                0x08002624       0x10 build/usbd_conf.o
                0x08002624                USBD_LL_CloseEP
 .text.USBD_LL_StallEP
                0x08002634       0x10 build/usbd_conf.o
                0x08002634                USBD_LL_StallEP
 .text.USBD_LL_ClearStallEP
                0x08002644       0x10 build/usbd_conf.o
                0x08002644                USBD_LL_ClearStallEP
 .text.USBD_LL_SetUSBAddress
                0x08002654       0x10 build/usbd_conf.o
                0x08002654                USBD_LL_SetUSBAddress
 .text.USBD_LL_Transmit
                0x08002664       0x10 build/usbd_conf.o
                0x08002664                USBD_LL_Transmit
 .text.USBD_LL_PrepareReceive
                0x08002674       0x10 build/usbd_conf.o
                0x08002674                USBD_LL_PrepareReceive
 .text.USBD_FS_DeviceDescriptor
                0x08002684        0xc build/usbd_desc.o
                0x08002684                USBD_FS_DeviceDescriptor
 .text.USBD_FS_LangIDStrDescriptor
                0x08002690        0xc build/usbd_desc.o
                0x08002690                USBD_FS_LangIDStrDescriptor
 .text.IntToUnicode
                0x0800269c       0x46 build/usbd_desc.o
 *fill*         0x080026e2        0x2 
 .text.Get_SerialNum
                0x080026e4       0x38 build/usbd_desc.o
 .text.USBD_FS_SerialStrDescriptor
                0x0800271c       0x14 build/usbd_desc.o
                0x0800271c                USBD_FS_SerialStrDescriptor
 .text.USBD_FS_ProductStrDescriptor
                0x08002730       0x24 build/usbd_desc.o
                0x08002730                USBD_FS_ProductStrDescriptor
 .text.USBD_FS_ManufacturerStrDescriptor
                0x08002754       0x1c build/usbd_desc.o
                0x08002754                USBD_FS_ManufacturerStrDescriptor
 .text.USBD_FS_ConfigStrDescriptor
                0x08002770       0x24 build/usbd_desc.o
                0x08002770                USBD_FS_ConfigStrDescriptor
 .text.USBD_FS_InterfaceStrDescriptor
                0x08002794       0x24 build/usbd_desc.o
                0x08002794                USBD_FS_InterfaceStrDescriptor
 .text.CDC_DeInit_FS
                0x080027b8        0x4 build/usbd_cdc_if.o
 .text.CDC_Control_FS
                0x080027bc        0x4 build/usbd_cdc_if.o
 .text.CDC_TransmitCplt_FS
                0x080027c0       0x14 build/usbd_cdc_if.o
 .text.CDC_Receive_FS
                0x080027d4       0x2c build/usbd_cdc_if.o
 .text.CDC_Init_FS
                0x08002800       0x28 build/usbd_cdc_if.o
 .text.CDC_Transmit_FS
                0x08002828       0x2c build/usbd_cdc_if.o
                0x08002828                CDC_Transmit_FS
 .text.CDCInitRxbufferNcallback
                0x08002854       0x18 build/usbd_cdc_if.o
                0x08002854                CDCInitRxbufferNcallback
 .text.NMI_Handler
                0x0800286c        0x2 build/stm32f4xx_it.o
                0x0800286c                NMI_Handler
 .text.HardFault_Handler
                0x0800286e        0x6 build/stm32f4xx_it.o
                0x0800286e                HardFault_Handler
 .text.MemManage_Handler
                0x08002874        0x2 build/stm32f4xx_it.o
                0x08002874                MemManage_Handler
 .text.BusFault_Handler
                0x08002876        0x2 build/stm32f4xx_it.o
                0x08002876                BusFault_Handler
 .text.UsageFault_Handler
                0x08002878        0x2 build/stm32f4xx_it.o
                0x08002878                UsageFault_Handler
 .text.DebugMon_Handler
                0x0800287a        0x2 build/stm32f4xx_it.o
                0x0800287a                DebugMon_Handler
 .text.FLASH_IRQHandler
                0x0800287c        0x8 build/stm32f4xx_it.o
                0x0800287c                FLASH_IRQHandler
 .text.EXTI3_IRQHandler
                0x08002884        0xa build/stm32f4xx_it.o
                0x08002884                EXTI3_IRQHandler
 .text.EXTI4_IRQHandler
                0x0800288e        0xa build/stm32f4xx_it.o
                0x0800288e                EXTI4_IRQHandler
 .text.DMA1_Stream1_IRQHandler
                0x08002898       0x10 build/stm32f4xx_it.o
                0x08002898                DMA1_Stream1_IRQHandler
 .text.DMA1_Stream2_IRQHandler
                0x080028a8       0x10 build/stm32f4xx_it.o
                0x080028a8                DMA1_Stream2_IRQHandler
 .text.CAN1_RX0_IRQHandler
                0x080028b8       0x10 build/stm32f4xx_it.o
                0x080028b8                CAN1_RX0_IRQHandler
 .text.CAN1_RX1_IRQHandler
                0x080028c8       0x10 build/stm32f4xx_it.o
                0x080028c8                CAN1_RX1_IRQHandler
 .text.EXTI9_5_IRQHandler
                0x080028d8        0xa build/stm32f4xx_it.o
                0x080028d8                EXTI9_5_IRQHandler
 *fill*         0x080028e2        0x2 
 .text.I2C2_EV_IRQHandler
                0x080028e4       0x10 build/stm32f4xx_it.o
                0x080028e4                I2C2_EV_IRQHandler
 .text.I2C2_ER_IRQHandler
                0x080028f4       0x10 build/stm32f4xx_it.o
                0x080028f4                I2C2_ER_IRQHandler
 .text.SPI1_IRQHandler
                0x08002904       0x10 build/stm32f4xx_it.o
                0x08002904                SPI1_IRQHandler
 .text.SPI2_IRQHandler
                0x08002914       0x10 build/stm32f4xx_it.o
                0x08002914                SPI2_IRQHandler
 .text.USART1_IRQHandler
                0x08002924       0x10 build/stm32f4xx_it.o
                0x08002924                USART1_IRQHandler
 .text.USART3_IRQHandler
                0x08002934       0x10 build/stm32f4xx_it.o
                0x08002934                USART3_IRQHandler
 .text.TIM8_TRG_COM_TIM14_IRQHandler
                0x08002944       0x18 build/stm32f4xx_it.o
                0x08002944                TIM8_TRG_COM_TIM14_IRQHandler
 .text.DMA1_Stream7_IRQHandler
                0x0800295c       0x10 build/stm32f4xx_it.o
                0x0800295c                DMA1_Stream7_IRQHandler
 .text.DMA2_Stream0_IRQHandler
                0x0800296c       0x10 build/stm32f4xx_it.o
                0x0800296c                DMA2_Stream0_IRQHandler
 .text.DMA2_Stream2_IRQHandler
                0x0800297c       0x10 build/stm32f4xx_it.o
                0x0800297c                DMA2_Stream2_IRQHandler
 .text.DMA2_Stream3_IRQHandler
                0x0800298c       0x10 build/stm32f4xx_it.o
                0x0800298c                DMA2_Stream3_IRQHandler
 .text.CAN2_RX0_IRQHandler
                0x0800299c       0x10 build/stm32f4xx_it.o
                0x0800299c                CAN2_RX0_IRQHandler
 .text.CAN2_RX1_IRQHandler
                0x080029ac       0x10 build/stm32f4xx_it.o
                0x080029ac                CAN2_RX1_IRQHandler
 .text.OTG_FS_IRQHandler
                0x080029bc       0x10 build/stm32f4xx_it.o
                0x080029bc                OTG_FS_IRQHandler
 .text.DMA2_Stream5_IRQHandler
                0x080029cc       0x10 build/stm32f4xx_it.o
                0x080029cc                DMA2_Stream5_IRQHandler
 .text.DMA2_Stream6_IRQHandler
                0x080029dc       0x10 build/stm32f4xx_it.o
                0x080029dc                DMA2_Stream6_IRQHandler
 .text.DMA2_Stream7_IRQHandler
                0x080029ec       0x10 build/stm32f4xx_it.o
                0x080029ec                DMA2_Stream7_IRQHandler
 .text.USART6_IRQHandler
                0x080029fc       0x10 build/stm32f4xx_it.o
                0x080029fc                USART6_IRQHandler
 .text.I2C3_EV_IRQHandler
                0x08002a0c       0x10 build/stm32f4xx_it.o
                0x08002a0c                I2C3_EV_IRQHandler
 .text.I2C3_ER_IRQHandler
                0x08002a1c       0x10 build/stm32f4xx_it.o
                0x08002a1c                I2C3_ER_IRQHandler
 .text.HAL_MspInit
                0x08002a2c       0x54 build/stm32f4xx_hal_msp.o
                0x08002a2c                HAL_MspInit
 .text.HAL_InitTick
                0x08002a80       0xa4 build/stm32f4xx_hal_timebase_tim.o
                0x08002a80                HAL_InitTick
 .text.PCD_WriteEmptyTxFifo
                0x08002b24       0xd0 build/stm32f4xx_hal_pcd.o
 .text.HAL_PCD_Init
                0x08002bf4      0x12e build/stm32f4xx_hal_pcd.o
                0x08002bf4                HAL_PCD_Init
 .text.HAL_PCD_Start
                0x08002d22       0x42 build/stm32f4xx_hal_pcd.o
                0x08002d22                HAL_PCD_Start
 .text.PCD_EP_OutXfrComplete_int
                0x08002d64      0x104 build/stm32f4xx_hal_pcd.o
 .text.PCD_EP_OutSetupPacket_int
                0x08002e68       0x50 build/stm32f4xx_hal_pcd.o
 .text.HAL_PCD_SetAddress
                0x08002eb8       0x28 build/stm32f4xx_hal_pcd.o
                0x08002eb8                HAL_PCD_SetAddress
 .text.HAL_PCD_EP_Open
                0x08002ee0       0x8a build/stm32f4xx_hal_pcd.o
                0x08002ee0                HAL_PCD_EP_Open
 .text.HAL_PCD_EP_Close
                0x08002f6a       0x72 build/stm32f4xx_hal_pcd.o
                0x08002f6a                HAL_PCD_EP_Close
 .text.HAL_PCD_EP_Receive
                0x08002fdc       0x5e build/stm32f4xx_hal_pcd.o
                0x08002fdc                HAL_PCD_EP_Receive
 .text.HAL_PCD_EP_GetRxCount
                0x0800303a       0x12 build/stm32f4xx_hal_pcd.o
                0x0800303a                HAL_PCD_EP_GetRxCount
 .text.HAL_PCD_EP_Transmit
                0x0800304c       0x5e build/stm32f4xx_hal_pcd.o
                0x0800304c                HAL_PCD_EP_Transmit
 .text.HAL_PCD_EP_SetStall
                0x080030aa       0x88 build/stm32f4xx_hal_pcd.o
                0x080030aa                HAL_PCD_EP_SetStall
 .text.HAL_PCD_EP_ClrStall
                0x08003132       0x76 build/stm32f4xx_hal_pcd.o
                0x08003132                HAL_PCD_EP_ClrStall
 .text.HAL_PCD_EP_Abort
                0x080031a8       0x34 build/stm32f4xx_hal_pcd.o
                0x080031a8                HAL_PCD_EP_Abort
 .text.HAL_PCD_IRQHandler
                0x080031dc      0x5c8 build/stm32f4xx_hal_pcd.o
                0x080031dc                HAL_PCD_IRQHandler
 .text.HAL_PCDEx_SetTxFiFo
                0x080037a4       0x4c build/stm32f4xx_hal_pcd_ex.o
                0x080037a4                HAL_PCDEx_SetTxFiFo
 .text.HAL_PCDEx_SetRxFiFo
                0x080037f0        0x8 build/stm32f4xx_hal_pcd_ex.o
                0x080037f0                HAL_PCDEx_SetRxFiFo
 .text.HAL_PCDEx_LPM_Callback
                0x080037f8        0x2 build/stm32f4xx_hal_pcd_ex.o
                0x080037f8                HAL_PCDEx_LPM_Callback
 *fill*         0x080037fa        0x2 
 .text.USB_CoreReset
                0x080037fc       0x50 build/stm32f4xx_ll_usb.o
 .text.USB_CoreInit
                0x0800384c       0x8a build/stm32f4xx_ll_usb.o
                0x0800384c                USB_CoreInit
 *fill*         0x080038d6        0x2 
 .text.USB_SetTurnaroundTime
                0x080038d8       0xe4 build/stm32f4xx_ll_usb.o
                0x080038d8                USB_SetTurnaroundTime
 .text.USB_EnableGlobalInt
                0x080039bc        0xc build/stm32f4xx_ll_usb.o
                0x080039bc                USB_EnableGlobalInt
 .text.USB_DisableGlobalInt
                0x080039c8        0xc build/stm32f4xx_ll_usb.o
                0x080039c8                USB_DisableGlobalInt
 .text.USB_FlushTxFifo
                0x080039d4       0x50 build/stm32f4xx_ll_usb.o
                0x080039d4                USB_FlushTxFifo
 .text.USB_FlushRxFifo
                0x08003a24       0x4c build/stm32f4xx_ll_usb.o
                0x08003a24                USB_FlushRxFifo
 .text.USB_SetDevSpeed
                0x08003a70        0xe build/stm32f4xx_ll_usb.o
                0x08003a70                USB_SetDevSpeed
 *fill*         0x08003a7e        0x2 
 .text.USB_DevInit
                0x08003a80      0x190 build/stm32f4xx_ll_usb.o
                0x08003a80                USB_DevInit
 .text.USB_GetDevSpeed
                0x08003c10       0x22 build/stm32f4xx_ll_usb.o
                0x08003c10                USB_GetDevSpeed
 .text.USB_ActivateEndpoint
                0x08003c32       0x9a build/stm32f4xx_ll_usb.o
                0x08003c32                USB_ActivateEndpoint
 .text.USB_DeactivateEndpoint
                0x08003ccc       0xe0 build/stm32f4xx_ll_usb.o
                0x08003ccc                USB_DeactivateEndpoint
 .text.USB_EP0StartXfer
                0x08003dac      0x118 build/stm32f4xx_ll_usb.o
                0x08003dac                USB_EP0StartXfer
 .text.USB_EPStopXfer
                0x08003ec4       0xbe build/stm32f4xx_ll_usb.o
                0x08003ec4                USB_EPStopXfer
 .text.USB_WritePacket
                0x08003f82       0x2e build/stm32f4xx_ll_usb.o
                0x08003f82                USB_WritePacket
 .text.USB_EPStartXfer
                0x08003fb0      0x228 build/stm32f4xx_ll_usb.o
                0x08003fb0                USB_EPStartXfer
 .text.USB_ReadPacket
                0x080041d8       0x46 build/stm32f4xx_ll_usb.o
                0x080041d8                USB_ReadPacket
 .text.USB_EPSetStall
                0x0800421e       0x5a build/stm32f4xx_ll_usb.o
                0x0800421e                USB_EPSetStall
 .text.USB_EPClearStall
                0x08004278       0x5c build/stm32f4xx_ll_usb.o
                0x08004278                USB_EPClearStall
 .text.USB_SetDevAddress
                0x080042d4       0x20 build/stm32f4xx_ll_usb.o
                0x080042d4                USB_SetDevAddress
 .text.USB_DevConnect
                0x080042f4       0x1c build/stm32f4xx_ll_usb.o
                0x080042f4                USB_DevConnect
 .text.USB_DevDisconnect
                0x08004310       0x1c build/stm32f4xx_ll_usb.o
                0x08004310                USB_DevDisconnect
 .text.USB_ReadInterrupts
                0x0800432c        0x8 build/stm32f4xx_ll_usb.o
                0x0800432c                USB_ReadInterrupts
 .text.USB_ReadDevAllOutEpInterrupt
                0x08004334       0x10 build/stm32f4xx_ll_usb.o
                0x08004334                USB_ReadDevAllOutEpInterrupt
 .text.USB_ReadDevAllInEpInterrupt
                0x08004344       0x10 build/stm32f4xx_ll_usb.o
                0x08004344                USB_ReadDevAllInEpInterrupt
 .text.USB_ReadDevOutEPInterrupt
                0x08004354       0x12 build/stm32f4xx_ll_usb.o
                0x08004354                USB_ReadDevOutEPInterrupt
 .text.USB_ReadDevInEPInterrupt
                0x08004366       0x24 build/stm32f4xx_ll_usb.o
                0x08004366                USB_ReadDevInEPInterrupt
 .text.USB_GetMode
                0x0800438a        0x8 build/stm32f4xx_ll_usb.o
                0x0800438a                USB_GetMode
 .text.USB_SetCurrentMode
                0x08004392       0x62 build/stm32f4xx_ll_usb.o
                0x08004392                USB_SetCurrentMode
 .text.USB_ActivateSetup
                0x080043f4       0x1c build/stm32f4xx_ll_usb.o
                0x080043f4                USB_ActivateSetup
 .text.USB_EP0_OutStart
                0x08004410       0x60 build/stm32f4xx_ll_usb.o
                0x08004410                USB_EP0_OutStart
 .text.HAL_RCC_OscConfig
                0x08004470      0x3f8 build/stm32f4xx_hal_rcc.o
                0x08004470                HAL_RCC_OscConfig
 .text.HAL_RCC_GetSysClockFreq
                0x08004868       0xa8 build/stm32f4xx_hal_rcc.o
                0x08004868                HAL_RCC_GetSysClockFreq
 .text.HAL_RCC_ClockConfig
                0x08004910      0x160 build/stm32f4xx_hal_rcc.o
                0x08004910                HAL_RCC_ClockConfig
 .text.HAL_RCC_GetHCLKFreq
                0x08004a70        0xc build/stm32f4xx_hal_rcc.o
                0x08004a70                HAL_RCC_GetHCLKFreq
 .text.HAL_RCC_GetPCLK1Freq
                0x08004a7c       0x20 build/stm32f4xx_hal_rcc.o
                0x08004a7c                HAL_RCC_GetPCLK1Freq
 .text.HAL_RCC_GetPCLK2Freq
                0x08004a9c       0x20 build/stm32f4xx_hal_rcc.o
                0x08004a9c                HAL_RCC_GetPCLK2Freq
 .text.HAL_RCC_GetClockConfig
                0x08004abc       0x3c build/stm32f4xx_hal_rcc.o
                0x08004abc                HAL_RCC_GetClockConfig
 .text.HAL_RCCEx_PeriphCLKConfig
                0x08004af8      0x154 build/stm32f4xx_hal_rcc_ex.o
                0x08004af8                HAL_RCCEx_PeriphCLKConfig
 .text.FLASH_SetErrorCode
                0x08004c4c       0x8c build/stm32f4xx_hal_flash.o
 .text.HAL_FLASH_EndOfOperationCallback
                0x08004cd8        0x2 build/stm32f4xx_hal_flash.o
                0x08004cd8                HAL_FLASH_EndOfOperationCallback
 .text.HAL_FLASH_OperationErrorCallback
                0x08004cda        0x2 build/stm32f4xx_hal_flash.o
                0x08004cda                HAL_FLASH_OperationErrorCallback
 .text.HAL_FLASH_IRQHandler
                0x08004cdc       0xec build/stm32f4xx_hal_flash.o
                0x08004cdc                HAL_FLASH_IRQHandler
 .text.FLASH_Erase_Sector
                0x08004dc8       0x4c build/stm32f4xx_hal_flash_ex.o
                0x08004dc8                FLASH_Erase_Sector
 .text.FLASH_FlushCaches
                0x08004e14       0x60 build/stm32f4xx_hal_flash_ex.o
                0x08004e14                FLASH_FlushCaches
 .text.HAL_GPIO_Init
                0x08004e74      0x1ec build/stm32f4xx_hal_gpio.o
                0x08004e74                HAL_GPIO_Init
 .text.HAL_GPIO_WritePin
                0x08005060        0xc build/stm32f4xx_hal_gpio.o
                0x08005060                HAL_GPIO_WritePin
 .text.HAL_GPIO_EXTI_IRQHandler
                0x0800506c       0x1c build/stm32f4xx_hal_gpio.o
                0x0800506c                HAL_GPIO_EXTI_IRQHandler
 .text.DMA_SetConfig
                0x08005088       0x2c build/stm32f4xx_hal_dma.o
 .text.DMA_CalcBaseAndBitshift
                0x080050b4       0x3c build/stm32f4xx_hal_dma.o
 .text.DMA_CheckFifoParam
                0x080050f0       0x8e build/stm32f4xx_hal_dma.o
 *fill*         0x0800517e        0x2 
 .text.HAL_DMA_Init
                0x08005180       0xcc build/stm32f4xx_hal_dma.o
                0x08005180                HAL_DMA_Init
 .text.HAL_DMA_Start_IT
                0x0800524c       0x68 build/stm32f4xx_hal_dma.o
                0x0800524c                HAL_DMA_Start_IT
 .text.HAL_DMA_Abort
                0x080052b4       0x92 build/stm32f4xx_hal_dma.o
                0x080052b4                HAL_DMA_Abort
 .text.HAL_DMA_Abort_IT
                0x08005346       0x24 build/stm32f4xx_hal_dma.o
                0x08005346                HAL_DMA_Abort_IT
 *fill*         0x0800536a        0x2 
 .text.HAL_DMA_IRQHandler
                0x0800536c      0x1dc build/stm32f4xx_hal_dma.o
                0x0800536c                HAL_DMA_IRQHandler
 .text.HAL_DMA_GetState
                0x08005548        0x6 build/stm32f4xx_hal_dma.o
                0x08005548                HAL_DMA_GetState
 *fill*         0x0800554e        0x2 
 .text.__NVIC_SetPriority
                0x08005550       0x28 build/stm32f4xx_hal_cortex.o
 .text.NVIC_EncodePriority
                0x08005578       0x3e build/stm32f4xx_hal_cortex.o
 *fill*         0x080055b6        0x2 
 .text.HAL_NVIC_SetPriorityGrouping
                0x080055b8       0x24 build/stm32f4xx_hal_cortex.o
                0x080055b8                HAL_NVIC_SetPriorityGrouping
 .text.HAL_NVIC_SetPriority
                0x080055dc       0x20 build/stm32f4xx_hal_cortex.o
                0x080055dc                HAL_NVIC_SetPriority
 .text.HAL_NVIC_EnableIRQ
                0x080055fc       0x1c build/stm32f4xx_hal_cortex.o
                0x080055fc                HAL_NVIC_EnableIRQ
 .text.HAL_Init
                0x08005618       0x34 build/stm32f4xx_hal.o
                0x08005618                HAL_Init
 .text.HAL_IncTick
                0x0800564c       0x18 build/stm32f4xx_hal.o
                0x0800564c                HAL_IncTick
 .text.HAL_GetTick
                0x08005664        0xc build/stm32f4xx_hal.o
                0x08005664                HAL_GetTick
 .text.HAL_Delay
                0x08005670       0x28 build/stm32f4xx_hal.o
                0x08005670                HAL_Delay
 .text.ADC_Init
                0x08005698      0x134 build/stm32f4xx_hal_adc.o
 .text.HAL_ADC_Init
                0x080057cc       0x56 build/stm32f4xx_hal_adc.o
                0x080057cc                HAL_ADC_Init
 *fill*         0x08005822        0x2 
 .text.HAL_ADC_ConfigChannel
                0x08005824      0x194 build/stm32f4xx_hal_adc.o
                0x08005824                HAL_ADC_ConfigChannel
 .text.HAL_CAN_Init
                0x080059b8      0x14c build/stm32f4xx_hal_can.o
                0x080059b8                HAL_CAN_Init
 .text.HAL_CAN_ConfigFilter
                0x08005b04      0x138 build/stm32f4xx_hal_can.o
                0x08005b04                HAL_CAN_ConfigFilter
 .text.HAL_CAN_Start
                0x08005c3c       0x5c build/stm32f4xx_hal_can.o
                0x08005c3c                HAL_CAN_Start
 .text.HAL_CAN_AddTxMessage
                0x08005c98       0xfc build/stm32f4xx_hal_can.o
                0x08005c98                HAL_CAN_AddTxMessage
 .text.HAL_CAN_GetTxMailboxesFreeLevel
                0x08005d94       0x32 build/stm32f4xx_hal_can.o
                0x08005d94                HAL_CAN_GetTxMailboxesFreeLevel
 .text.HAL_CAN_GetRxMessage
                0x08005dc6      0x14a build/stm32f4xx_hal_can.o
                0x08005dc6                HAL_CAN_GetRxMessage
 .text.HAL_CAN_GetRxFifoFillLevel
                0x08005f10       0x26 build/stm32f4xx_hal_can.o
                0x08005f10                HAL_CAN_GetRxFifoFillLevel
 .text.HAL_CAN_ActivateNotification
                0x08005f36       0x24 build/stm32f4xx_hal_can.o
                0x08005f36                HAL_CAN_ActivateNotification
 .text.HAL_CAN_TxMailbox0CompleteCallback
                0x08005f5a        0x2 build/stm32f4xx_hal_can.o
                0x08005f5a                HAL_CAN_TxMailbox0CompleteCallback
 .text.HAL_CAN_TxMailbox1CompleteCallback
                0x08005f5c        0x2 build/stm32f4xx_hal_can.o
                0x08005f5c                HAL_CAN_TxMailbox1CompleteCallback
 .text.HAL_CAN_TxMailbox2CompleteCallback
                0x08005f5e        0x2 build/stm32f4xx_hal_can.o
                0x08005f5e                HAL_CAN_TxMailbox2CompleteCallback
 .text.HAL_CAN_TxMailbox0AbortCallback
                0x08005f60        0x2 build/stm32f4xx_hal_can.o
                0x08005f60                HAL_CAN_TxMailbox0AbortCallback
 .text.HAL_CAN_TxMailbox1AbortCallback
                0x08005f62        0x2 build/stm32f4xx_hal_can.o
                0x08005f62                HAL_CAN_TxMailbox1AbortCallback
 .text.HAL_CAN_TxMailbox2AbortCallback
                0x08005f64        0x2 build/stm32f4xx_hal_can.o
                0x08005f64                HAL_CAN_TxMailbox2AbortCallback
 .text.HAL_CAN_RxFifo0FullCallback
                0x08005f66        0x2 build/stm32f4xx_hal_can.o
                0x08005f66                HAL_CAN_RxFifo0FullCallback
 .text.HAL_CAN_RxFifo1FullCallback
                0x08005f68        0x2 build/stm32f4xx_hal_can.o
                0x08005f68                HAL_CAN_RxFifo1FullCallback
 .text.HAL_CAN_SleepCallback
                0x08005f6a        0x2 build/stm32f4xx_hal_can.o
                0x08005f6a                HAL_CAN_SleepCallback
 .text.HAL_CAN_WakeUpFromRxMsgCallback
                0x08005f6c        0x2 build/stm32f4xx_hal_can.o
                0x08005f6c                HAL_CAN_WakeUpFromRxMsgCallback
 .text.HAL_CAN_ErrorCallback
                0x08005f6e        0x2 build/stm32f4xx_hal_can.o
                0x08005f6e                HAL_CAN_ErrorCallback
 .text.HAL_CAN_IRQHandler
                0x08005f70      0x250 build/stm32f4xx_hal_can.o
                0x08005f70                HAL_CAN_IRQHandler
 .text.HAL_CRC_Init
                0x080061c0       0x1e build/stm32f4xx_hal_crc.o
                0x080061c0                HAL_CRC_Init
 .text.HAL_DAC_Init
                0x080061de       0x24 build/stm32f4xx_hal_dac.o
                0x080061de                HAL_DAC_Init
 .text.HAL_DAC_ConfigChannel
                0x08006202       0x58 build/stm32f4xx_hal_dac.o
                0x08006202                HAL_DAC_ConfigChannel
 .text.I2C_Master_SB
                0x0800625a       0xa4 build/stm32f4xx_hal_i2c.o
 .text.I2C_Master_ADD10
                0x080062fe       0x2a build/stm32f4xx_hal_i2c.o
 .text.I2C_Master_ADDR
                0x08006328      0x230 build/stm32f4xx_hal_i2c.o
 .text.I2C_SlaveTransmit_BTF
                0x08006558       0x20 build/stm32f4xx_hal_i2c.o
 .text.I2C_SlaveReceive_BTF
                0x08006578       0x20 build/stm32f4xx_hal_i2c.o
 .text.I2C_WaitOnSTOPRequestThroughIT
                0x08006598       0x48 build/stm32f4xx_hal_i2c.o
 .text.I2C_ConvertOtherXferOptions
                0x080065e0       0x1e build/stm32f4xx_hal_i2c.o
 *fill*         0x080065fe        0x2 
 .text.HAL_I2C_Init
                0x08006600      0x1bc build/stm32f4xx_hal_i2c.o
                0x08006600                HAL_I2C_Init
 .text.HAL_I2C_MasterTxCpltCallback
                0x080067bc        0x2 build/stm32f4xx_hal_i2c.o
                0x080067bc                HAL_I2C_MasterTxCpltCallback
 .text.HAL_I2C_SlaveTxCpltCallback
                0x080067be        0x2 build/stm32f4xx_hal_i2c.o
                0x080067be                HAL_I2C_SlaveTxCpltCallback
 .text.I2C_SlaveTransmit_TXE
                0x080067c0       0x4c build/stm32f4xx_hal_i2c.o
 .text.HAL_I2C_SlaveRxCpltCallback
                0x0800680c        0x2 build/stm32f4xx_hal_i2c.o
                0x0800680c                HAL_I2C_SlaveRxCpltCallback
 .text.I2C_SlaveReceive_RXNE
                0x0800680e       0x4c build/stm32f4xx_hal_i2c.o
 .text.HAL_I2C_AddrCallback
                0x0800685a        0x2 build/stm32f4xx_hal_i2c.o
                0x0800685a                HAL_I2C_AddrCallback
 .text.I2C_Slave_ADDR
                0x0800685c       0x5a build/stm32f4xx_hal_i2c.o
 .text.HAL_I2C_ListenCpltCallback
                0x080068b6        0x2 build/stm32f4xx_hal_i2c.o
                0x080068b6                HAL_I2C_ListenCpltCallback
 .text.I2C_Slave_AF
                0x080068b8       0x94 build/stm32f4xx_hal_i2c.o
 .text.HAL_I2C_MemTxCpltCallback
                0x0800694c        0x2 build/stm32f4xx_hal_i2c.o
                0x0800694c                HAL_I2C_MemTxCpltCallback
 .text.I2C_MasterTransmit_BTF
                0x0800694e       0x9a build/stm32f4xx_hal_i2c.o
 .text.I2C_MemoryTransmit_TXE_BTF
                0x080069e8       0xbe build/stm32f4xx_hal_i2c.o
 .text.I2C_MasterTransmit_TXE
                0x08006aa6       0xd0 build/stm32f4xx_hal_i2c.o
 .text.I2C_MasterReceive_BTF
                0x08006b76      0x130 build/stm32f4xx_hal_i2c.o
 .text.HAL_I2C_ErrorCallback
                0x08006ca6        0x2 build/stm32f4xx_hal_i2c.o
                0x08006ca6                HAL_I2C_ErrorCallback
 .text.I2C_MasterReceive_RXNE
                0x08006ca8       0xf0 build/stm32f4xx_hal_i2c.o
 .text.HAL_I2C_AbortCpltCallback
                0x08006d98        0x2 build/stm32f4xx_hal_i2c.o
                0x08006d98                HAL_I2C_AbortCpltCallback
 *fill*         0x08006d9a        0x2 
 .text.I2C_DMAAbort
                0x08006d9c       0xe0 build/stm32f4xx_hal_i2c.o
 .text.I2C_ITError
                0x08006e7c      0x174 build/stm32f4xx_hal_i2c.o
 .text.I2C_Slave_STOPF
                0x08006ff0      0x18c build/stm32f4xx_hal_i2c.o
 .text.HAL_I2C_EV_IRQHandler
                0x0800717c      0x19e build/stm32f4xx_hal_i2c.o
                0x0800717c                HAL_I2C_EV_IRQHandler
 .text.HAL_I2C_ER_IRQHandler
                0x0800731a       0xc4 build/stm32f4xx_hal_i2c.o
                0x0800731a                HAL_I2C_ER_IRQHandler
 .text.HAL_RNG_Init
                0x080073de       0x2e build/stm32f4xx_hal_rng.o
                0x080073de                HAL_RNG_Init
 .text.HAL_RTC_WaitForSynchro
                0x0800740c       0x32 build/stm32f4xx_hal_rtc.o
                0x0800740c                HAL_RTC_WaitForSynchro
 .text.RTC_EnterInitMode
                0x0800743e       0x46 build/stm32f4xx_hal_rtc.o
                0x0800743e                RTC_EnterInitMode
 .text.RTC_ExitInitMode
                0x08007484       0x2a build/stm32f4xx_hal_rtc.o
                0x08007484                RTC_ExitInitMode
 .text.HAL_RTC_Init
                0x080074ae       0x8e build/stm32f4xx_hal_rtc.o
                0x080074ae                HAL_RTC_Init
 .text.SPI_WaitFlagStateUntilTimeout
                0x0800753c       0xc8 build/stm32f4xx_hal_spi.o
 .text.SPI_EndRxTxTransaction
                0x08007604       0x68 build/stm32f4xx_hal_spi.o
 .text.HAL_SPI_Init
                0x0800766c       0xbe build/stm32f4xx_hal_spi.o
                0x0800766c                HAL_SPI_Init
 .text.HAL_SPI_TransmitReceive
                0x0800772a      0x240 build/stm32f4xx_hal_spi.o
                0x0800772a                HAL_SPI_TransmitReceive
 .text.HAL_SPI_ErrorCallback
                0x0800796a        0x2 build/stm32f4xx_hal_spi.o
                0x0800796a                HAL_SPI_ErrorCallback
 .text.HAL_SPI_IRQHandler
                0x0800796c      0x124 build/stm32f4xx_hal_spi.o
                0x0800796c                HAL_SPI_IRQHandler
 .text.SPI_DMAAbortOnError
                0x08007a90       0x10 build/stm32f4xx_hal_spi.o
 .text.TIM_OC1_SetConfig
                0x08007aa0       0x70 build/stm32f4xx_hal_tim.o
 .text.TIM_OC3_SetConfig
                0x08007b10       0x70 build/stm32f4xx_hal_tim.o
 .text.TIM_OC4_SetConfig
                0x08007b80       0x50 build/stm32f4xx_hal_tim.o
 .text.TIM_TI1_ConfigInputStage
                0x08007bd0       0x26 build/stm32f4xx_hal_tim.o
 .text.TIM_TI2_ConfigInputStage
                0x08007bf6       0x28 build/stm32f4xx_hal_tim.o
 .text.TIM_ITRx_SetConfig
                0x08007c1e       0x10 build/stm32f4xx_hal_tim.o
 *fill*         0x08007c2e        0x2 
 .text.HAL_TIM_Base_Start_IT
                0x08007c30       0x84 build/stm32f4xx_hal_tim.o
                0x08007c30                HAL_TIM_Base_Start_IT
 .text.HAL_TIM_OC_MspInit
                0x08007cb4        0x2 build/stm32f4xx_hal_tim.o
                0x08007cb4                HAL_TIM_OC_MspInit
 .text.HAL_TIM_PWM_MspInit
                0x08007cb6        0x2 build/stm32f4xx_hal_tim.o
                0x08007cb6                HAL_TIM_PWM_MspInit
 .text.HAL_TIM_OC_DelayElapsedCallback
                0x08007cb8        0x2 build/stm32f4xx_hal_tim.o
                0x08007cb8                HAL_TIM_OC_DelayElapsedCallback
 .text.HAL_TIM_IC_CaptureCallback
                0x08007cba        0x2 build/stm32f4xx_hal_tim.o
                0x08007cba                HAL_TIM_IC_CaptureCallback
 .text.HAL_TIM_TriggerCallback
                0x08007cbc        0x2 build/stm32f4xx_hal_tim.o
                0x08007cbc                HAL_TIM_TriggerCallback
 .text.HAL_TIM_IRQHandler
                0x08007cbe      0x17a build/stm32f4xx_hal_tim.o
                0x08007cbe                HAL_TIM_IRQHandler
 .text.TIM_Base_SetConfig
                0x08007e38       0xc8 build/stm32f4xx_hal_tim.o
                0x08007e38                TIM_Base_SetConfig
 .text.HAL_TIM_Base_Init
                0x08007f00       0x58 build/stm32f4xx_hal_tim.o
                0x08007f00                HAL_TIM_Base_Init
 .text.HAL_TIM_OC_Init
                0x08007f58       0x58 build/stm32f4xx_hal_tim.o
                0x08007f58                HAL_TIM_OC_Init
 .text.HAL_TIM_PWM_Init
                0x08007fb0       0x58 build/stm32f4xx_hal_tim.o
                0x08007fb0                HAL_TIM_PWM_Init
 .text.TIM_OC2_SetConfig
                0x08008008       0x70 build/stm32f4xx_hal_tim.o
                0x08008008                TIM_OC2_SetConfig
 .text.HAL_TIM_OC_ConfigChannel
                0x08008078       0x5e build/stm32f4xx_hal_tim.o
                0x08008078                HAL_TIM_OC_ConfigChannel
 .text.HAL_TIM_PWM_ConfigChannel
                0x080080d6       0xdc build/stm32f4xx_hal_tim.o
                0x080080d6                HAL_TIM_PWM_ConfigChannel
 .text.TIM_ETR_SetConfig
                0x080081b2       0x1a build/stm32f4xx_hal_tim.o
                0x080081b2                TIM_ETR_SetConfig
 .text.HAL_TIM_ConfigClockSource
                0x080081cc       0xfe build/stm32f4xx_hal_tim.o
                0x080081cc                HAL_TIM_ConfigClockSource
 .text.TIM_CCxChannelCmd
                0x080082ca       0x1e build/stm32f4xx_hal_tim.o
                0x080082ca                TIM_CCxChannelCmd
 .text.HAL_TIM_PWM_Start
                0x080082e8       0xfc build/stm32f4xx_hal_tim.o
                0x080082e8                HAL_TIM_PWM_Start
 .text.HAL_TIMEx_MasterConfigSynchronization
                0x080083e4       0x8c build/stm32f4xx_hal_tim_ex.o
                0x080083e4                HAL_TIMEx_MasterConfigSynchronization
 .text.HAL_TIMEx_ConfigBreakDeadTime
                0x08008470       0x52 build/stm32f4xx_hal_tim_ex.o
                0x08008470                HAL_TIMEx_ConfigBreakDeadTime
 .text.HAL_TIMEx_CommutCallback
                0x080084c2        0x2 build/stm32f4xx_hal_tim_ex.o
                0x080084c2                HAL_TIMEx_CommutCallback
 .text.HAL_TIMEx_BreakCallback
                0x080084c4        0x2 build/stm32f4xx_hal_tim_ex.o
                0x080084c4                HAL_TIMEx_BreakCallback
 .text.UART_EndTxTransfer
                0x080084c6       0x20 build/stm32f4xx_hal_uart.o
 .text.UART_EndRxTransfer
                0x080084e6       0x5c build/stm32f4xx_hal_uart.o
 .text.UART_Transmit_IT
                0x08008542       0x5e build/stm32f4xx_hal_uart.o
 .text.UART_SetConfig
                0x080085a0      0x110 build/stm32f4xx_hal_uart.o
 .text.UART_WaitOnFlagUntilTimeout
                0x080086b0       0x84 build/stm32f4xx_hal_uart.o
 .text.HAL_UART_Init
                0x08008734       0x5e build/stm32f4xx_hal_uart.o
                0x08008734                HAL_UART_Init
 .text.HAL_UART_Transmit
                0x08008792       0xd6 build/stm32f4xx_hal_uart.o
                0x08008792                HAL_UART_Transmit
 .text.HAL_UART_Transmit_IT
                0x08008868       0x4c build/stm32f4xx_hal_uart.o
                0x08008868                HAL_UART_Transmit_IT
 .text.HAL_UART_Transmit_DMA
                0x080088b4       0x98 build/stm32f4xx_hal_uart.o
                0x080088b4                HAL_UART_Transmit_DMA
 .text.HAL_UART_TxCpltCallback
                0x0800894c        0x2 build/stm32f4xx_hal_uart.o
                0x0800894c                HAL_UART_TxCpltCallback
 .text.UART_DMATransmitCplt
                0x0800894e       0x4c build/stm32f4xx_hal_uart.o
 .text.UART_EndTransmit_IT
                0x0800899a       0x1a build/stm32f4xx_hal_uart.o
 .text.HAL_UART_TxHalfCpltCallback
                0x080089b4        0x2 build/stm32f4xx_hal_uart.o
                0x080089b4                HAL_UART_TxHalfCpltCallback
 .text.UART_DMATxHalfCplt
                0x080089b6        0xa build/stm32f4xx_hal_uart.o
 .text.HAL_UART_RxCpltCallback
                0x080089c0        0x2 build/stm32f4xx_hal_uart.o
                0x080089c0                HAL_UART_RxCpltCallback
 .text.HAL_UART_RxHalfCpltCallback
                0x080089c2        0x2 build/stm32f4xx_hal_uart.o
                0x080089c2                HAL_UART_RxHalfCpltCallback
 .text.UART_DMAError
                0x080089c4       0x54 build/stm32f4xx_hal_uart.o
 .text.UART_DMAAbortOnError
                0x08008a18       0x10 build/stm32f4xx_hal_uart.o
 .text.UART_Receive_IT
                0x08008a28       0xe0 build/stm32f4xx_hal_uart.o
 .text.HAL_UART_IRQHandler
                0x08008b08      0x27c build/stm32f4xx_hal_uart.o
                0x08008b08                HAL_UART_IRQHandler
 .text.UART_DMARxHalfCplt
                0x08008d84       0x1a build/stm32f4xx_hal_uart.o
 .text.UART_DMAReceiveCplt
                0x08008d9e       0x96 build/stm32f4xx_hal_uart.o
 .text.UART_Start_Receive_DMA
                0x08008e34       0xa8 build/stm32f4xx_hal_uart.o
                0x08008e34                UART_Start_Receive_DMA
 .text.HAL_UARTEx_ReceiveToIdle_DMA
                0x08008edc       0x6e build/stm32f4xx_hal_uart.o
                0x08008edc                HAL_UARTEx_ReceiveToIdle_DMA
 *fill*         0x08008f4a        0x2 
 .text.SystemInit
                0x08008f4c       0x14 build/system_stm32f4xx.o
                0x08008f4c                SystemInit
 .text.vListInitialise
                0x08008f60       0x16 build/list.o
                0x08008f60                vListInitialise
 .text.vListInitialiseItem
                0x08008f76        0x6 build/list.o
                0x08008f76                vListInitialiseItem
 .text.vListInsertEnd
                0x08008f7c       0x16 build/list.o
                0x08008f7c                vListInsertEnd
 .text.vListInsert
                0x08008f92       0x32 build/list.o
                0x08008f92                vListInsert
 .text.uxListRemove
                0x08008fc4       0x26 build/list.o
                0x08008fc4                uxListRemove
 *fill*         0x08008fea        0x2 
 .text.prvResetNextTaskUnblockTime
                0x08008fec       0x2c build/tasks.o
 .text.prvInitialiseNewTask
                0x08009018       0x9c build/tasks.o
 .text.prvInitialiseTaskLists
                0x080090b4       0x68 build/tasks.o
 .text.prvAddNewTaskToReadyList
                0x0800911c       0xa8 build/tasks.o
 .text.prvDeleteTCB
                0x080091c4       0x38 build/tasks.o
 .text.prvCheckTasksWaitingTermination
                0x080091fc       0x4c build/tasks.o
 .text.prvIdleTask
                0x08009248       0x28 build/tasks.o
 .text.prvAddCurrentTaskToDelayedList
                0x08009270       0x98 build/tasks.o
 .text.xTaskCreateStatic
                0x08009308       0x76 build/tasks.o
                0x08009308                xTaskCreateStatic
 .text.xTaskCreate
                0x0800937e       0x64 build/tasks.o
                0x0800937e                xTaskCreate
 *fill*         0x080093e2        0x2 
 .text.vTaskDelete
                0x080093e4       0xe0 build/tasks.o
                0x080093e4                vTaskDelete
 .text.vTaskStartScheduler
                0x080094c4       0x74 build/tasks.o
                0x080094c4                vTaskStartScheduler
 .text.vTaskSuspendAll
                0x08009538       0x10 build/tasks.o
                0x08009538                vTaskSuspendAll
 .text.xTaskIncrementTick
                0x08009548      0x118 build/tasks.o
                0x08009548                xTaskIncrementTick
 .text.xTaskResumeAll
                0x08009660       0xf8 build/tasks.o
                0x08009660                xTaskResumeAll
 .text.vTaskDelay
                0x08009758       0x4c build/tasks.o
                0x08009758                vTaskDelay
 .text.vTaskSwitchContext
                0x080097a4       0x98 build/tasks.o
                0x080097a4                vTaskSwitchContext
 .text.makeFreeRtosPriority
                0x0800983c        0xc build/cmsis_os.o
 .text.osKernelStart
                0x08009848        0xa build/cmsis_os.o
                0x08009848                osKernelStart
 .text.osThreadCreate
                0x08009852       0x66 build/cmsis_os.o
                0x08009852                osThreadCreate
 .text.osThreadTerminate
                0x080098b8        0xa build/cmsis_os.o
                0x080098b8                osThreadTerminate
 .text.osDelay  0x080098c2        0xe build/cmsis_os.o
                0x080098c2                osDelay
 .text.prvHeapInit
                0x080098d0       0x68 build/heap_4.o
 .text.prvInsertBlockIntoFreeList
                0x08009938       0x64 build/heap_4.o
 .text.pvPortMalloc
                0x0800999c      0x104 build/heap_4.o
                0x0800999c                pvPortMalloc
 .text.vPortFree
                0x08009aa0       0x7c build/heap_4.o
                0x08009aa0                vPortFree
 .text.prvTaskExitError
                0x08009b1c       0x40 build/port.o
 .text.prvPortStartFirstTask
                0x08009b5c       0x28 build/port.o
 .text.vPortEnableVFP
                0x08009b84       0x14 build/port.o
 .text.pxPortInitialiseStack
                0x08009b98       0x2c build/port.o
                0x08009b98                pxPortInitialiseStack
 *fill*         0x08009bc4        0xc 
 .text.SVC_Handler
                0x08009bd0       0x24 build/port.o
                0x08009bd0                SVC_Handler
 .text.vPortEnterCritical
                0x08009bf4       0x44 build/port.o
                0x08009bf4                vPortEnterCritical
 .text.vPortExitCritical
                0x08009c38       0x2c build/port.o
                0x08009c38                vPortExitCritical
 *fill*         0x08009c64        0xc 
 .text.PendSV_Handler
                0x08009c70       0x64 build/port.o
                0x08009c70                PendSV_Handler
 .text.SysTick_Handler
                0x08009cd4       0x2c build/port.o
                0x08009cd4                SysTick_Handler
 .text.vPortSetupTimerInterrupt
                0x08009d00       0x28 build/port.o
                0x08009d00                vPortSetupTimerInterrupt
 .text.xPortStartScheduler
                0x08009d28      0x118 build/port.o
                0x08009d28                xPortStartScheduler
 .text.USBD_Init
                0x08009e40       0x2e build/usbd_core.o
                0x08009e40                USBD_Init
 .text.USBD_RegisterClass
                0x08009e6e       0x40 build/usbd_core.o
                0x08009e6e                USBD_RegisterClass
 .text.USBD_Start
                0x08009eae        0x8 build/usbd_core.o
                0x08009eae                USBD_Start
 .text.USBD_SetClassConfig
                0x08009eb6       0x12 build/usbd_core.o
                0x08009eb6                USBD_SetClassConfig
 .text.USBD_ClrClassConfig
                0x08009ec8       0x12 build/usbd_core.o
                0x08009ec8                USBD_ClrClassConfig
 .text.USBD_LL_SetupStage
                0x08009eda       0x58 build/usbd_core.o
                0x08009eda                USBD_LL_SetupStage
 .text.USBD_LL_Reset
                0x08009f32       0x64 build/usbd_core.o
                0x08009f32                USBD_LL_Reset
 .text.USBD_LL_SetSpeed
                0x08009f96        0x6 build/usbd_core.o
                0x08009f96                USBD_LL_SetSpeed
 .text.USBD_LL_Suspend
                0x08009f9c       0x14 build/usbd_core.o
                0x08009f9c                USBD_LL_Suspend
 .text.USBD_LL_Resume
                0x08009fb0       0x18 build/usbd_core.o
                0x08009fb0                USBD_LL_Resume
 .text.USBD_LL_SOF
                0x08009fc8       0x20 build/usbd_core.o
                0x08009fc8                USBD_LL_SOF
 .text.USBD_LL_IsoINIncomplete
                0x08009fe8       0x2c build/usbd_core.o
                0x08009fe8                USBD_LL_IsoINIncomplete
 .text.USBD_LL_IsoOUTIncomplete
                0x0800a014       0x2c build/usbd_core.o
                0x0800a014                USBD_LL_IsoOUTIncomplete
 .text.USBD_LL_DevConnected
                0x0800a040        0x4 build/usbd_core.o
                0x0800a040                USBD_LL_DevConnected
 .text.USBD_LL_DevDisconnected
                0x0800a044       0x20 build/usbd_core.o
                0x0800a044                USBD_LL_DevDisconnected
 .text.USBD_CoreFindIF
                0x0800a064        0x4 build/usbd_core.o
                0x0800a064                USBD_CoreFindIF
 .text.USBD_CoreFindEP
                0x0800a068        0x4 build/usbd_core.o
                0x0800a068                USBD_CoreFindEP
 .text.USBD_LL_DataOutStage
                0x0800a06c       0xc0 build/usbd_core.o
                0x0800a06c                USBD_LL_DataOutStage
 .text.USBD_LL_DataInStage
                0x0800a12c       0xd2 build/usbd_core.o
                0x0800a12c                USBD_LL_DataInStage
 .text.USBD_GetNextDesc
                0x0800a1fe        0xe build/usbd_core.o
                0x0800a1fe                USBD_GetNextDesc
 .text.USBD_GetEpDesc
                0x0800a20c       0x3e build/usbd_core.o
                0x0800a20c                USBD_GetEpDesc
 .text.USBD_GetLen
                0x0800a24a       0x14 build/usbd_ctlreq.o
 .text.USBD_ParseSetupRequest
                0x0800a25e       0x28 build/usbd_ctlreq.o
                0x0800a25e                USBD_ParseSetupRequest
 .text.USBD_CtlError
                0x0800a286       0x14 build/usbd_ctlreq.o
                0x0800a286                USBD_CtlError
 .text.USBD_GetDescriptor
                0x0800a29a      0x18a build/usbd_ctlreq.o
 .text.USBD_SetAddress
                0x0800a424       0x4e build/usbd_ctlreq.o
 *fill*         0x0800a472        0x2 
 .text.USBD_SetConfig
                0x0800a474       0xcc build/usbd_ctlreq.o
 .text.USBD_GetConfig
                0x0800a540       0x40 build/usbd_ctlreq.o
 .text.USBD_GetStatus
                0x0800a580       0x38 build/usbd_ctlreq.o
 .text.USBD_SetFeature
                0x0800a5b8       0x2a build/usbd_ctlreq.o
 .text.USBD_ClrFeature
                0x0800a5e2       0x26 build/usbd_ctlreq.o
 .text.USBD_StdDevReq
                0x0800a608       0x76 build/usbd_ctlreq.o
                0x0800a608                USBD_StdDevReq
 .text.USBD_StdItfReq
                0x0800a67e       0x84 build/usbd_ctlreq.o
                0x0800a67e                USBD_StdItfReq
 .text.USBD_StdEPReq
                0x0800a702      0x238 build/usbd_ctlreq.o
                0x0800a702                USBD_StdEPReq
 .text.USBD_GetString
                0x0800a93a       0x3a build/usbd_ctlreq.o
                0x0800a93a                USBD_GetString
 .text.USBD_CtlSendData
                0x0800a974       0x1a build/usbd_ioreq.o
                0x0800a974                USBD_CtlSendData
 .text.USBD_CtlContinueSendData
                0x0800a98e       0x10 build/usbd_ioreq.o
                0x0800a98e                USBD_CtlContinueSendData
 .text.USBD_CtlPrepareRx
                0x0800a99e       0x1e build/usbd_ioreq.o
                0x0800a99e                USBD_CtlPrepareRx
 .text.USBD_CtlContinueRx
                0x0800a9bc       0x10 build/usbd_ioreq.o
                0x0800a9bc                USBD_CtlContinueRx
 .text.USBD_CtlSendStatus
                0x0800a9cc       0x16 build/usbd_ioreq.o
                0x0800a9cc                USBD_CtlSendStatus
 .text.USBD_CtlReceiveStatus
                0x0800a9e2       0x16 build/usbd_ioreq.o
                0x0800a9e2                USBD_CtlReceiveStatus
 .text.USBD_CDC_EP0_RxReady
                0x0800a9f8       0x40 build/usbd_cdc.o
 .text.USBD_CDC_GetDeviceQualifierDescriptor
                0x0800aa38        0xc build/usbd_cdc.o
                0x0800aa38                USBD_CDC_GetDeviceQualifierDescriptor
 .text.USBD_CDC_GetOtherSpeedCfgDesc
                0x0800aa44       0x48 build/usbd_cdc.o
 .text.USBD_CDC_GetFSCfgDesc
                0x0800aa8c       0x48 build/usbd_cdc.o
 .text.USBD_CDC_GetHSCfgDesc
                0x0800aad4       0x48 build/usbd_cdc.o
 .text.USBD_CDC_DataOut
                0x0800ab1c       0x38 build/usbd_cdc.o
 .text.USBD_CDC_DataIn
                0x0800ab54       0x7c build/usbd_cdc.o
 .text.USBD_CDC_Setup
                0x0800abd0      0x114 build/usbd_cdc.o
 .text.USBD_CDC_DeInit
                0x0800ace4       0x64 build/usbd_cdc.o
 .text.USBD_CDC_Init
                0x0800ad48       0xee build/usbd_cdc.o
 .text.USBD_CDC_RegisterInterface
                0x0800ae36       0x16 build/usbd_cdc.o
                0x0800ae36                USBD_CDC_RegisterInterface
 .text.USBD_CDC_SetTxBuffer
                0x0800ae4c       0x1c build/usbd_cdc.o
                0x0800ae4c                USBD_CDC_SetTxBuffer
 .text.USBD_CDC_SetRxBuffer
                0x0800ae68       0x18 build/usbd_cdc.o
                0x0800ae68                USBD_CDC_SetRxBuffer
 .text.USBD_CDC_TransmitPacket
                0x0800ae80       0x36 build/usbd_cdc.o
                0x0800ae80                USBD_CDC_TransmitPacket
 .text.USBD_CDC_ReceivePacket
                0x0800aeb6       0x38 build/usbd_cdc.o
                0x0800aeb6                USBD_CDC_ReceivePacket
 *fill*         0x0800aeee        0x2 
 .text._DoInit  0x0800aef0       0x6c build/SEGGER_RTT.o
 .text.SEGGER_RTT_Init
                0x0800af5c        0x8 build/SEGGER_RTT.o
                0x0800af5c                SEGGER_RTT_Init
 .text.DWT_CNT_Update
                0x0800af64       0x4c build/bsp_dwt.o
 .text.DWT_Init
                0x0800afb0       0x70 build/bsp_dwt.o
                0x0800afb0                DWT_Init
 .text.DWT_GetDeltaT
                0x0800b020       0x48 build/bsp_dwt.o
                0x0800b020                DWT_GetDeltaT
 .text.DWT_SysTimeUpdate
                0x0800b068       0xd4 build/bsp_dwt.o
                0x0800b068                DWT_SysTimeUpdate
 .text.DWT_GetTimeline_s
                0x0800b13c       0x4c build/bsp_dwt.o
                0x0800b13c                DWT_GetTimeline_s
 .text.DWT_GetTimeline_ms
                0x0800b188       0x3c build/bsp_dwt.o
                0x0800b188                DWT_GetTimeline_ms
 .text.DWT_Delay
                0x0800b1c4       0x34 build/bsp_dwt.o
                0x0800b1c4                DWT_Delay
 .text.PWMSelectTclk
                0x0800b1f8       0x74 build/bsp_pwm.o
 .text.HAL_TIM_PWM_PulseFinishedCallback
                0x0800b26c       0x44 build/bsp_pwm.o
                0x0800b26c                HAL_TIM_PWM_PulseFinishedCallback
 .text.PWMSetPeriod
                0x0800b2b0       0x44 build/bsp_pwm.o
                0x0800b2b0                PWMSetPeriod
 .text.PWMSetDutyRatio
                0x0800b2f4       0x74 build/bsp_pwm.o
                0x0800b2f4                PWMSetDutyRatio
 .text.PWMRegister
                0x0800b368       0x7c build/bsp_pwm.o
                0x0800b368                PWMRegister
 .text.HAL_GPIO_EXTI_Callback
                0x0800b3e4       0x30 build/bsp_gpio.o
                0x0800b3e4                HAL_GPIO_EXTI_Callback
 .text.HAL_I2C_MasterRxCpltCallback
                0x0800b414       0x54 build/bsp_iic.o
                0x0800b414                HAL_I2C_MasterRxCpltCallback
 .text.HAL_I2C_MemRxCpltCallback
                0x0800b468        0x8 build/bsp_iic.o
                0x0800b468                HAL_I2C_MemRxCpltCallback
 .text.CANServiceInit
                0x0800b470       0x3c build/bsp_can.o
 .text.CANAddFilter
                0x0800b4ac       0x5c build/bsp_can.o
 .text.CANFIFOxCallback
                0x0800b508       0x78 build/bsp_can.o
 .text.CANRegister
                0x0800b580       0x98 build/bsp_can.o
                0x0800b580                CANRegister
 .text.CANTransmit
                0x0800b618       0x78 build/bsp_can.o
                0x0800b618                CANTransmit
 .text.HAL_CAN_RxFifo0MsgPendingCallback
                0x0800b690        0xa build/bsp_can.o
                0x0800b690                HAL_CAN_RxFifo0MsgPendingCallback
 .text.HAL_CAN_RxFifo1MsgPendingCallback
                0x0800b69a        0xa build/bsp_can.o
                0x0800b69a                HAL_CAN_RxFifo1MsgPendingCallback
 .text.USARTServiceInit
                0x0800b6a4       0x24 build/bsp_usart.o
                0x0800b6a4                USARTServiceInit
 .text.USARTRegister
                0x0800b6c8       0x70 build/bsp_usart.o
                0x0800b6c8                USARTRegister
 .text.USARTSend
                0x0800b738       0x30 build/bsp_usart.o
                0x0800b738                USARTSend
 .text.HAL_UARTEx_RxEventCallback
                0x0800b768       0x6c build/bsp_usart.o
                0x0800b768                HAL_UARTEx_RxEventCallback
 .text.HAL_UART_ErrorCallback
                0x0800b7d4       0x4c build/bsp_usart.o
                0x0800b7d4                HAL_UART_ErrorCallback
 .text.USBInit  0x0800b820       0x1c build/bsp_usb.o
                0x0800b820                USBInit
 .text.USBTransmit
                0x0800b83c        0x8 build/bsp_usb.o
                0x0800b83c                USBTransmit
 .text.BSPLogInit
                0x0800b844        0x8 build/bsp_log.o
                0x0800b844                BSPLogInit
 .text.f_Trapezoid_Intergral
                0x0800b84c       0x2a build/controller.o
 .text.f_Changing_Integration_Rate
                0x0800b876       0x66 build/controller.o
 .text.f_Integral_Limit
                0x0800b8dc       0x94 build/controller.o
 .text.f_Derivative_On_Measurement
                0x0800b970       0x22 build/controller.o
 .text.f_Derivative_Filter
                0x0800b992       0x2e build/controller.o
 .text.f_Output_Filter
                0x0800b9c0       0x2e build/controller.o
 .text.f_Output_Limit
                0x0800b9ee       0x2e build/controller.o
 .text.f_PID_ErrorHandle
                0x0800ba1c       0x90 build/controller.o
 .text.PIDInit  0x0800baac       0x4a build/controller.o
                0x0800baac                PIDInit
 .text.PIDCalculate
                0x0800baf6      0x140 build/controller.o
                0x0800baf6                PIDCalculate
 *fill*         0x0800bc36        0x2 
 .text.H_K_R_Adjustment
                0x0800bc38      0x114 build/kalman_filter.o
 .text.Kalman_Filter_Init
                0x0800bd4c      0x42c build/kalman_filter.o
                0x0800bd4c                Kalman_Filter_Init
 .text.Kalman_Filter_Measure
                0x0800c178       0x4c build/kalman_filter.o
                0x0800c178                Kalman_Filter_Measure
 .text.Kalman_Filter_xhatMinusUpdate
                0x0800c1c4       0x76 build/kalman_filter.o
                0x0800c1c4                Kalman_Filter_xhatMinusUpdate
 .text.Kalman_Filter_PminusUpdate
                0x0800c23a       0x68 build/kalman_filter.o
                0x0800c23a                Kalman_Filter_PminusUpdate
 .text.Kalman_Filter_SetK
                0x0800c2a2       0xcc build/kalman_filter.o
                0x0800c2a2                Kalman_Filter_SetK
 .text.Kalman_Filter_xhatUpdate
                0x0800c36e       0x82 build/kalman_filter.o
                0x0800c36e                Kalman_Filter_xhatUpdate
 .text.Kalman_Filter_P_Update
                0x0800c3f0       0x64 build/kalman_filter.o
                0x0800c3f0                Kalman_Filter_P_Update
 .text.Kalman_Filter_Update
                0x0800c454       0xf8 build/kalman_filter.o
                0x0800c454                Kalman_Filter_Update
 .text.invSqrt  0x0800c54c       0x30 build/QuaternionEKF.o
 .text.IMU_QuaternionEKF_F_Linearization_P_Fading
                0x0800c57c      0x1a0 build/QuaternionEKF.o
 .text.IMU_QuaternionEKF_Observe
                0x0800c71c       0x38 build/QuaternionEKF.o
 .text.IMU_QuaternionEKF_xhatUpdate
                0x0800c754      0x444 build/QuaternionEKF.o
 .text.IMU_QuaternionEKF_SetH
                0x0800cb98       0xe4 build/QuaternionEKF.o
 .text.IMU_QuaternionEKF_Init
                0x0800cc7c       0xe4 build/QuaternionEKF.o
                0x0800cc7c                IMU_QuaternionEKF_Init
 .text.IMU_QuaternionEKF_Update
                0x0800cd60      0x420 build/QuaternionEKF.o
                0x0800cd60                IMU_QuaternionEKF_Update
 .text.crc_8    0x0800d180       0x28 build/crc8.o
                0x0800d180                crc_8
 .text.init_crc16_tab
                0x0800d1a8       0x54 build/crc16.o
                0x0800d1a8                init_crc16_tab
 .text.crc_16   0x0800d1fc       0x50 build/crc16.o
                0x0800d1fc                crc_16
 .text.Sqrt     0x0800d24c       0x5c build/user_lib.o
                0x0800d24c                Sqrt
 .text.float_constrain
                0x0800d2a8       0x20 build/user_lib.o
                0x0800d2a8                float_constrain
 .text.float_rounding
                0x0800d2c8       0x40 build/user_lib.o
                0x0800d2c8                float_rounding
 .text.Norm3d   0x0800d308       0x4c build/user_lib.o
                0x0800d308                Norm3d
 .text.Cross3d  0x0800d354       0x62 build/user_lib.o
                0x0800d354                Cross3d
 .text.Dot3d    0x0800d3b6       0x2e build/user_lib.o
                0x0800d3b6                Dot3d
 .text.BMI088_read_muli_reg
                0x0800d3e4       0x24 build/BMI088driver.o
 .text.BMI088_write_single_reg
                0x0800d408       0x10 build/BMI088driver.o
 .text.BMI088_read_single_reg
                0x0800d418       0x16 build/BMI088driver.o
 *fill*         0x0800d42e        0x2 
 .text.Calibrate_MPU_Offset
                0x0800d430      0x490 build/BMI088driver.o
 .text.bmi088_accel_init
                0x0800d8c0      0x168 build/BMI088driver.o
                0x0800d8c0                bmi088_accel_init
 .text.bmi088_gyro_init
                0x0800da28      0x13c build/BMI088driver.o
                0x0800da28                bmi088_gyro_init
 .text.BMI088Init
                0x0800db64       0x6c build/BMI088driver.o
                0x0800db64                BMI088Init
 .text.BMI088_Read
                0x0800dbd0      0x1f0 build/BMI088driver.o
                0x0800dbd0                BMI088_Read
 .text.BMI088_ACCEL_NS_L
                0x0800ddc0       0x14 build/BMI088Middleware.o
                0x0800ddc0                BMI088_ACCEL_NS_L
 .text.BMI088_ACCEL_NS_H
                0x0800ddd4       0x14 build/BMI088Middleware.o
                0x0800ddd4                BMI088_ACCEL_NS_H
 .text.BMI088_GYRO_NS_L
                0x0800dde8       0x14 build/BMI088Middleware.o
                0x0800dde8                BMI088_GYRO_NS_L
 .text.BMI088_GYRO_NS_H
                0x0800ddfc       0x14 build/BMI088Middleware.o
                0x0800ddfc                BMI088_GYRO_NS_H
 .text.BMI088_read_write_byte
                0x0800de10       0x30 build/BMI088Middleware.o
                0x0800de10                BMI088_read_write_byte
 .text.IMUPWMSet
                0x0800de40        0xc build/ins_task.o
 .text.InitQuaternion
                0x0800de4c      0x110 build/ins_task.o
 .text.IMU_Param_Correction
                0x0800df5c      0x2c8 build/ins_task.o
 .text.IMU_Temperature_Ctrl
                0x0800e224       0x54 build/ins_task.o
 .text.INS_Init
                0x0800e278       0xfc build/ins_task.o
                0x0800e278                INS_Init
 .text.BodyFrameToEarthFrame
                0x0800e374      0x126 build/ins_task.o
                0x0800e374                BodyFrameToEarthFrame
 .text.EarthFrameToBodyFrame
                0x0800e49a      0x126 build/ins_task.o
                0x0800e49a                EarthFrameToBodyFrame
 .text.INS_Task
                0x0800e5c0      0x18c build/ins_task.o
                0x0800e5c0                INS_Task
 .text.VisionOfflineCallback
                0x0800e74c        0x2 build/master_process.o
 *fill*         0x0800e74e        0x2 
 .text.DecodeVision
                0x0800e750       0x20 build/master_process.o
 .text.VisionSetAltitude
                0x0800e770       0x20 build/master_process.o
                0x0800e770                VisionSetAltitude
 .text.VisionInit
                0x0800e790       0x50 build/master_process.o
                0x0800e790                VisionInit
 .text.VisionSend
                0x0800e7e0       0x3c build/master_process.o
                0x0800e7e0                VisionSend
 .text.CRC8_Check_Sum
                0x0800e81c       0x2c build/seasky_protocol.o
 .text.protocol_heade_Check
                0x0800e848       0x3a build/seasky_protocol.o
 .text.CRC16_Check_Sum
                0x0800e882       0x44 build/seasky_protocol.o
 *fill*         0x0800e8c6        0x2 
 .text.get_protocol_send_data
                0x0800e8c8       0xa4 build/seasky_protocol.o
                0x0800e8c8                get_protocol_send_data
 .text.get_protocol_info
                0x0800e96c       0x54 build/seasky_protocol.o
                0x0800e96c                get_protocol_info
 .text.DJIMotorStop
                0x0800e9c0        0x8 build/dji_motor.o
                0x0800e9c0                DJIMotorStop
 .text.DJIMotorEnable
                0x0800e9c8        0x8 build/dji_motor.o
                0x0800e9c8                DJIMotorEnable
 .text.DJIMotorSetRef
                0x0800e9d0        0x6 build/dji_motor.o
                0x0800e9d0                DJIMotorSetRef
 *fill*         0x0800e9d6        0x2 
 .text.DJIMotorControl
                0x0800e9d8      0x158 build/dji_motor.o
                0x0800e9d8                DJIMotorControl
 .text.float_to_uint
                0x0800eb30       0x2a build/HT04.o
 *fill*         0x0800eb5a        0x2 
 .text.HTMotorTask
                0x0800eb5c      0x150 build/HT04.o
                0x0800eb5c                HTMotorTask
 .text.HTMotorControlInit
                0x0800ecac       0x78 build/HT04.o
                0x0800ecac                HTMotorControlInit
 .text.LKMotorControl
                0x0800ed24      0x140 build/LK9025.o
                0x0800ed24                LKMotorControl
 .text.MotorControlTask
                0x0800ee64       0x10 build/motor_task.o
                0x0800ee64                MotorControlTask
 .text.MotorSenderGrouping
                0x0800ee74      0x118 build/power_control.o
 .text.DJIMotorLostCallback
                0x0800ef8c        0x2 build/power_control.o
 *fill*         0x0800ef8e        0x2 
 .text.DecodeDJIMotor
                0x0800ef90      0x108 build/power_control.o
 .text.SetPowerLimit
                0x0800f098        0xc build/power_control.o
                0x0800f098                SetPowerLimit
 .text.PowerControlInit
                0x0800f0a4       0xd0 build/power_control.o
                0x0800f0a4                PowerControlInit
 .text.PowerControl
                0x0800f174      0x3e4 build/power_control.o
                0x0800f174                PowerControl
 .text.Get_CRC8_Check_Sum
                0x0800f558       0x24 build/crc_ref.o
                0x0800f558                Get_CRC8_Check_Sum
 .text.Verify_CRC8_Check_Sum
                0x0800f57c       0x2e build/crc_ref.o
                0x0800f57c                Verify_CRC8_Check_Sum
 *fill*         0x0800f5aa        0x2 
 .text.Get_CRC16_Check_Sum
                0x0800f5ac       0x38 build/crc_ref.o
                0x0800f5ac                Get_CRC16_Check_Sum
 .text.Verify_CRC16_Check_Sum
                0x0800f5e4       0x48 build/crc_ref.o
                0x0800f5e4                Verify_CRC16_Check_Sum
 .text.Append_CRC16_Check_Sum
                0x0800f62c       0x2c build/crc_ref.o
                0x0800f62c                Append_CRC16_Check_Sum
 .text.RefereeLostCallback
                0x0800f658       0x10 build/rm_referee.o
 .text.JudgeReadData
                0x0800f668      0x1f0 build/rm_referee.o
 .text.RefereeRxCallback
                0x0800f858       0x1c build/rm_referee.o
 .text.RefereeInit
                0x0800f874       0x58 build/rm_referee.o
                0x0800f874                RefereeInit
 .text.RefereeSend
                0x0800f8cc       0x1c build/rm_referee.o
                0x0800f8cc                RefereeSend
 .text.UIDelete
                0x0800f8e8       0x7c build/referee_UI.o
                0x0800f8e8                UIDelete
 .text.UILineDraw
                0x0800f964      0x110 build/referee_UI.o
                0x0800f964                UILineDraw
 .text.UIRectangleDraw
                0x0800fa74      0x114 build/referee_UI.o
                0x0800fa74                UIRectangleDraw
 .text.UIFloatDraw
                0x0800fb88      0x134 build/referee_UI.o
                0x0800fb88                UIFloatDraw
 .text.UICharDraw
                0x0800fcbc      0x124 build/referee_UI.o
                0x0800fcbc                UICharDraw
 .text.UIGraphRefresh
                0x0800fde0      0x120 build/referee_UI.o
                0x0800fde0                UIGraphRefresh
 .text.UICharRefresh
                0x0800ff00       0xa4 build/referee_UI.o
                0x0800ff00                UICharRefresh
 .text.DeterminRobotID
                0x0800ffa4       0x2c build/referee_task.o
 .text.RobotModeTest
                0x0800ffd0       0xa8 build/referee_task.o
 .text.UIChangeCheck
                0x08010078       0x82 build/referee_task.o
 *fill*         0x080100fa        0x2 
 .text.MyUIRefresh
                0x080100fc      0x4a0 build/referee_task.o
 .text.UITaskInit
                0x0801059c       0x20 build/referee_task.o
                0x0801059c                UITaskInit
 .text.UITask   0x080105bc       0x20 build/referee_task.o
                0x080105bc                UITask
 .text.MyUIInit
                0x080105dc      0x724 build/referee_task.o
                0x080105dc                MyUIInit
 .text.RectifyRCjoystick
                0x08010d00       0x30 build/remote_control.o
 .text.sbus_to_rc
                0x08010d30      0x160 build/remote_control.o
 .text.RCLostCallback
                0x08010e90       0x20 build/remote_control.o
 .text.RemoteControlRxCallback
                0x08010eb0       0x1c build/remote_control.o
 .text.RemoteControlInit
                0x08010ecc       0x5c build/remote_control.o
                0x08010ecc                RemoteControlInit
 .text.SuperCapRxCallback
                0x08010f28       0x34 build/super_cap.o
 .text.SuperCapInit
                0x08010f5c       0x30 build/super_cap.o
                0x08010f5c                SuperCapInit
 .text.CheckLen
                0x08010f8c        0x8 build/message_center.o
 .text.CheckName
                0x08010f94       0x10 build/message_center.o
 .text.PubRegister
                0x08010fa4       0x60 build/message_center.o
                0x08010fa4                PubRegister
 .text.SubRegister
                0x08011004       0x42 build/message_center.o
                0x08011004                SubRegister
 .text.SubGetMessage
                0x08011046       0x2e build/message_center.o
                0x08011046                SubGetMessage
 .text.PubPushMessage
                0x08011074       0x4c build/message_center.o
                0x08011074                PubPushMessage
 .text.DaemonRegister
                0x080110c0       0x48 build/daemon.o
                0x080110c0                DaemonRegister
 .text.DaemonReload
                0x08011108        0x6 build/daemon.o
                0x08011108                DaemonReload
 *fill*         0x0801110e        0x2 
 .text.DaemonTask
                0x08011110       0x34 build/daemon.o
                0x08011110                DaemonTask
 .text.BuzzerInit
                0x08011144       0x3c build/buzzer.o
                0x08011144                BuzzerInit
 .text.BuzzerTask
                0x08011180       0xd4 build/buzzer.o
                0x08011180                BuzzerTask
 .text.MecanumCalculate
                0x08011254       0x78 build/chassis.o
 .text.LimitChassisOutput
                0x080112cc       0x5c build/chassis.o
 .text.ChassisInit
                0x08011328      0x140 build/chassis.o
                0x08011328                ChassisInit
 .text.ChassisTask
                0x08011468      0x164 build/chassis.o
                0x08011468                ChassisTask
 .text.CalcOffsetAngle
                0x080115cc       0x68 build/robot_cmd.o
 .text.RemoteControlSet
                0x08011634       0xfc build/robot_cmd.o
 .text.MouseKeySet
                0x08011730      0x188 build/robot_cmd.o
 .text.EmergencyHandler
                0x080118b8       0x50 build/robot_cmd.o
 .text.RobotCMDInit
                0x08011908       0xb4 build/robot_cmd.o
                0x08011908                RobotCMDInit
 .text.RobotCMDTask
                0x080119bc       0x98 build/robot_cmd.o
                0x080119bc                RobotCMDTask
 .text.StartINSTASK
                0x08011a54       0x3c build/robot.o
                0x08011a54                StartINSTASK
 .text.StartMOTORTASK
                0x08011a90       0x34 build/robot.o
                0x08011a90                StartMOTORTASK
 .text.StartDAEMONTASK
                0x08011ac4       0x3c build/robot.o
                0x08011ac4                StartDAEMONTASK
 .text.StartUITASK
                0x08011b00       0x12 build/robot.o
                0x08011b00                StartUITASK
 .text.BSPInit  0x08011b12        0xe build/robot.o
                0x08011b12                BSPInit
 .text.OSTaskInit
                0x08011b20       0xd8 build/robot.o
                0x08011b20                OSTaskInit
 .text.RobotInit
                0x08011bf8       0x18 build/robot.o
                0x08011bf8                RobotInit
 .text.RobotTask
                0x08011c10        0xc build/robot.o
                0x08011c10                RobotTask
 .text.StartROBOTTASK
                0x08011c1c       0x34 build/robot.o
                0x08011c1c                StartROBOTTASK
 .text.Reset_Handler
                0x08011c50       0x50 build/startup_stm32f407xx.o
                0x08011c50                Reset_Handler
 .text.Default_Handler
                0x08011ca0        0x2 build/startup_stm32f407xx.o
                0x08011ca0                RTC_Alarm_IRQHandler
                0x08011ca0                HASH_RNG_IRQHandler
                0x08011ca0                EXTI2_IRQHandler
                0x08011ca0                TIM8_CC_IRQHandler
                0x08011ca0                TIM1_CC_IRQHandler
                0x08011ca0                DMA1_Stream5_IRQHandler
                0x08011ca0                PVD_IRQHandler
                0x08011ca0                SDIO_IRQHandler
                0x08011ca0                TAMP_STAMP_IRQHandler
                0x08011ca0                TIM1_UP_TIM10_IRQHandler
                0x08011ca0                TIM8_UP_TIM13_IRQHandler
                0x08011ca0                EXTI0_IRQHandler
                0x08011ca0                FPU_IRQHandler
                0x08011ca0                OTG_HS_WKUP_IRQHandler
                0x08011ca0                CAN2_SCE_IRQHandler
                0x08011ca0                TIM6_DAC_IRQHandler
                0x08011ca0                TIM1_BRK_TIM9_IRQHandler
                0x08011ca0                DCMI_IRQHandler
                0x08011ca0                UART5_IRQHandler
                0x08011ca0                TIM4_IRQHandler
                0x08011ca0                I2C1_EV_IRQHandler
                0x08011ca0                DMA1_Stream6_IRQHandler
                0x08011ca0                UART4_IRQHandler
                0x08011ca0                TIM3_IRQHandler
                0x08011ca0                RCC_IRQHandler
                0x08011ca0                TIM8_BRK_TIM12_IRQHandler
                0x08011ca0                Default_Handler
                0x08011ca0                EXTI15_10_IRQHandler
                0x08011ca0                ADC_IRQHandler
                0x08011ca0                TIM7_IRQHandler
                0x08011ca0                CAN2_TX_IRQHandler
                0x08011ca0                TIM5_IRQHandler
                0x08011ca0                RTC_WKUP_IRQHandler
                0x08011ca0                ETH_WKUP_IRQHandler
                0x08011ca0                OTG_HS_EP1_IN_IRQHandler
                0x08011ca0                DMA1_Stream0_IRQHandler
                0x08011ca0                CAN1_TX_IRQHandler
                0x08011ca0                FSMC_IRQHandler
                0x08011ca0                ETH_IRQHandler
                0x08011ca0                OTG_HS_EP1_OUT_IRQHandler
                0x08011ca0                WWDG_IRQHandler
                0x08011ca0                TIM2_IRQHandler
                0x08011ca0                OTG_FS_WKUP_IRQHandler
                0x08011ca0                TIM1_TRG_COM_TIM11_IRQHandler
                0x08011ca0                OTG_HS_IRQHandler
                0x08011ca0                EXTI1_IRQHandler
                0x08011ca0                USART2_IRQHandler
                0x08011ca0                DMA2_Stream1_IRQHandler
                0x08011ca0                CAN1_SCE_IRQHandler
                0x08011ca0                DMA2_Stream4_IRQHandler
                0x08011ca0                SPI3_IRQHandler
                0x08011ca0                DMA1_Stream4_IRQHandler
                0x08011ca0                I2C1_ER_IRQHandler
                0x08011ca0                DMA1_Stream3_IRQHandler
 .text.__itoa   0x08011ca2       0x30 D:/arm-gnu-toolchain-14.2.rel1-mingw-w64-x86_64-arm-none-eabi/bin/../lib/gcc/arm-none-eabi/14.2.1/thumb/v7e-m+fp/hard\libc_nano.a(libc_a-itoa.o)
                0x08011ca2                __itoa
 *fill*         0x08011cd2        0x2 
 .text.malloc   0x08011cd4       0x10 D:/arm-gnu-toolchain-14.2.rel1-mingw-w64-x86_64-arm-none-eabi/bin/../lib/gcc/arm-none-eabi/14.2.1/thumb/v7e-m+fp/hard\libc_nano.a(libc_a-malloc.o)
                0x08011cd4                malloc
 .text.sbrk_aligned
                0x08011ce4       0x44 D:/arm-gnu-toolchain-14.2.rel1-mingw-w64-x86_64-arm-none-eabi/bin/../lib/gcc/arm-none-eabi/14.2.1/thumb/v7e-m+fp/hard\libc_nano.a(libc_a-mallocr.o)
 .text._malloc_r
                0x08011d28      0x100 D:/arm-gnu-toolchain-14.2.rel1-mingw-w64-x86_64-arm-none-eabi/bin/../lib/gcc/arm-none-eabi/14.2.1/thumb/v7e-m+fp/hard\libc_nano.a(libc_a-mallocr.o)
                0x08011d28                _malloc_r
 .text.__malloc_lock
                0x08011e28        0xc D:/arm-gnu-toolchain-14.2.rel1-mingw-w64-x86_64-arm-none-eabi/bin/../lib/gcc/arm-none-eabi/14.2.1/thumb/v7e-m+fp/hard\libc_nano.a(libc_a-mlock.o)
                0x08011e28                __malloc_lock
 .text.__malloc_unlock
                0x08011e34        0xc D:/arm-gnu-toolchain-14.2.rel1-mingw-w64-x86_64-arm-none-eabi/bin/../lib/gcc/arm-none-eabi/14.2.1/thumb/v7e-m+fp/hard\libc_nano.a(libc_a-mlock.o)
                0x08011e34                __malloc_unlock
 .text.__utoa   0x08011e40       0x84 D:/arm-gnu-toolchain-14.2.rel1-mingw-w64-x86_64-arm-none-eabi/bin/../lib/gcc/arm-none-eabi/14.2.1/thumb/v7e-m+fp/hard\libc_nano.a(libc_a-utoa.o)
                0x08011e40                __utoa
 .text._vsprintf_r
                0x08011ec4       0x2c D:/arm-gnu-toolchain-14.2.rel1-mingw-w64-x86_64-arm-none-eabi/bin/../lib/gcc/arm-none-eabi/14.2.1/thumb/v7e-m+fp/hard\libc_nano.a(libc_a-vsprintf.o)
                0x08011ec4                _vsprintf_r
                0x08011ec4                _vsiprintf_r
 .text.vsprintf
                0x08011ef0       0x14 D:/arm-gnu-toolchain-14.2.rel1-mingw-w64-x86_64-arm-none-eabi/bin/../lib/gcc/arm-none-eabi/14.2.1/thumb/v7e-m+fp/hard\libc_nano.a(libc_a-vsprintf.o)